Component: ARM Compiler 5.05 update 1 (build 106) Tool: armlink [4d0efa]

==============================================================================

Section Cross References

    main.o(.text) refers to duoj.o(.text) for duoji
    main.o(.text) refers to init.o(.text) for Init
    main.o(.text) refers to xunji.o(.text) for xunji
    system_stm32f10x.o(.text) refers to system_stm32f10x.o(.data) for SystemCoreClock
    led.o(.text) refers to stm32f10x_rcc.o(.text) for RCC_APB2PeriphClockCmd
    led.o(.text) refers to stm32f10x_gpio.o(.text) for GPIO_Init
    timer.o(.text) refers to stm32f10x_rcc.o(.text) for RCC_APB2PeriphClockCmd
    timer.o(.text) refers to stm32f10x_gpio.o(.text) for GPIO_Init
    timer.o(.text) refers to stm32f10x_tim.o(.text) for TIM_TimeBaseInit
    adc.o(.text) refers to stm32f10x_rcc.o(.text) for RCC_APB2PeriphClockCmd
    adc.o(.text) refers to stm32f10x_gpio.o(.text) for GPIO_Init
    adc.o(.text) refers to stm32f10x_adc.o(.text) for ADC_DeInit
    adc.o(.text) refers to rt_memclr_w.o(.text) for __aeabi_memclr4
    adc.o(.text) refers to delay.o(.text) for delay_us
    adc.o(.text) refers to adc.o(.constdata) for .constdata
    remote.o(.text) refers to stm32f10x_rcc.o(.text) for RCC_APB2PeriphClockCmd
    remote.o(.text) refers to stm32f10x_gpio.o(.text) for GPIO_Init
    remote.o(.text) refers to stm32f10x_tim.o(.text) for TIM_TimeBaseInit
    remote.o(.text) refers to misc.o(.text) for NVIC_Init
    remote.o(.text) refers to remote.o(.data) for RmtSta
    xunji.o(.text) refers to remote.o(.text) for Remote_Scan
    xunji.o(.text) refers to adc.o(.text) for CCD_Find
    xunji.o(.text) refers to fflt_clz.o(x$fpl$fflt) for __aeabi_i2f
    xunji.o(.text) refers to fmul.o(x$fpl$fmul) for __aeabi_fmul
    xunji.o(.text) refers to faddsub_clz.o(x$fpl$fadd) for __aeabi_fadd
    xunji.o(.text) refers to faddsub_clz.o(x$fpl$fsub) for __aeabi_fsub
    xunji.o(.text) refers to ffix.o(x$fpl$ffix) for __aeabi_f2iz
    xunji.o(.text) refers to timer.o(.text) for speed1
    xunji.o(.text) refers to main.o(.data) for key
    xunji.o(.text) refers to xunji.o(.data) for adcx1
    init.o(.text) refers to delay.o(.text) for delay_init
    init.o(.text) refers to misc.o(.text) for NVIC_PriorityGroupConfig
    init.o(.text) refers to usart.o(.text) for uart_init
    init.o(.text) refers to led.o(.text) for LED_Init
    init.o(.text) refers to adc.o(.text) for Adc_Init
    init.o(.text) refers to timer.o(.text) for pwm_Init
    init.o(.text) refers to remote.o(.text) for Remote_Init
    init.o(.text) refers to duoj.o(.text) for TIM3_PWM_Init
    init.o(.text) refers to rgb3.o(.text) for yanse_init
    duoj.o(.text) refers to stm32f10x_rcc.o(.text) for RCC_APB2PeriphClockCmd
    duoj.o(.text) refers to stm32f10x_gpio.o(.text) for GPIO_Init
    duoj.o(.text) refers to stm32f10x_tim.o(.text) for TIM_TimeBaseInit
    duoj.o(.text) refers to delay.o(.text) for delay_ms
    duoj.o(.text) refers to duoj.o(.data) for duo2
    rgb3.o(.text) refers to stm32f10x_gpio.o(.text) for GPIO_ResetBits
    rgb3.o(.text) refers to delay.o(.text) for delay_ms
    rgb3.o(.text) refers to dflt_clz.o(x$fpl$dflt) for __aeabi_i2d
    rgb3.o(.text) refers to drleqf.o(x$fpl$drleqf) for __aeabi_cdrcmple
    rgb3.o(.text) refers to stm32f10x_usart.o(.text) for USART_ClearFlag
    rgb3.o(.text) refers to dfixu.o(x$fpl$dfixu) for __aeabi_d2uiz
    rgb3.o(.text) refers to stm32f10x_exti.o(.text) for EXTI_ClearITPendingBit
    rgb3.o(.text) refers to stm32f10x_rcc.o(.text) for RCC_APB2PeriphClockCmd
    rgb3.o(.text) refers to misc.o(.text) for NVIC_PriorityGroupConfig
    rgb3.o(.text) refers to rgb3.o(.data) for amount
    fenduan.o(.text) refers to rgb3.o(.text) for duqui
    fenduan.o(.text) refers to dleqf.o(x$fpl$dleqf) for __aeabi_cdcmple
    fenduan.o(.text) refers to movements.o(.text) for led
    fenduan.o(.text) refers to drleqf.o(x$fpl$drleqf) for __aeabi_cdrcmple
    fenduan.o(.text) refers to duoj.o(.text) for xiaoduoji
    fenduan.o(.text) refers to delay.o(.text) for delay_ms
    fenduan.o(.text) refers to stm32f10x_gpio.o(.text) for GPIO_ReadInputDataBit
    fenduan.o(.text) refers to timer.o(.text) for yuandiyouzhuan
    fenduan.o(.text) refers to ceju.o(.text) for ceju
    fenduan.o(.text) refers to rgb3.o(.data) for Ramount
    fenduan.o(.text) refers to main.o(.data) for yanse
    fenduan.o(.text) refers to xunji.o(.text) for xunji
    movements.o(.text) refers to stm32f10x_gpio.o(.text) for GPIO_SetBits
    movements.o(.text) refers to xunji.o(.text) for xunji
    movements.o(.text) refers to timer.o(.text) for tingzhi
    movements.o(.text) refers to delay.o(.text) for delay_ms
    movements.o(.text) refers to main.o(.data) for pwm
    ceju.o(.text) refers to remote.o(.text) for Remote_Scan
    ceju.o(.text) refers to adc2.o(.text) for extremaverage
    ceju.o(.text) refers to fflt_clz.o(x$fpl$ffltu) for __aeabi_ui2f
[...]
    rtexit.o(.ARM.exidx) refers (Special) to rtexit2.o(.ARM.Collect$$rtexit$$00000002) for __rt_exit_prels_1
    rtexit.o(.ARM.exidx) refers to rtexit.o(.ARM.Collect$$rtexit$$00000000) for .ARM.Collect$$rtexit$$00000000
    libinit2.o(.ARM.Collect$$libinit$$00000010) refers to libinit2.o(.ARM.Collect$$libinit$$0000000F) for .ARM.Collect$$libinit$$0000000F
    libinit2.o(.ARM.Collect$$libinit$$00000012) refers to libinit2.o(.ARM.Collect$$libinit$$0000000F) for .ARM.Collect$$libinit$$0000000F
    libinit2.o(.ARM.Collect$$libinit$$00000014) refers to libinit2.o(.ARM.Collect$$libinit$$0000000F) for .ARM.Collect$$libinit$$0000000F
    libinit2.o(.ARM.Collect$$libinit$$00000016) refers to libinit2.o(.ARM.Collect$$libinit$$0000000F) for .ARM.Collect$$libinit$$0000000F
    libinit2.o(.ARM.Collect$$libinit$$00000018) refers to libinit2.o(.ARM.Collect$$libinit$$0000000F) for .ARM.Collect$$libinit$$0000000F
    libinit2.o(.ARM.Collect$$libinit$$00000026) refers to argv_veneer.o(.emb_text) for __ARM_argv_veneer
    libinit2.o(.ARM.Collect$$libinit$$00000027) refers to argv_veneer.o(.emb_text) for __ARM_argv_veneer
    rtexit2.o(.ARM.Collect$$rtexit$$00000003) refers to libshutdown.o(.ARM.Collect$$libshutdown$$00000000) for __rt_lib_shutdown
    rtexit2.o(.ARM.Collect$$rtexit$$00000004) refers to usart.o(.text) for _sys_exit
    rtexit2.o(.ARM.exidx) refers to rtexit2.o(.ARM.Collect$$rtexit$$00000001) for .ARM.Collect$$rtexit$$00000001
    rtexit2.o(.ARM.exidx) refers to rtexit2.o(.ARM.Collect$$rtexit$$00000003) for .ARM.Collect$$rtexit$$00000003
    rtexit2.o(.ARM.exidx) refers to rtexit2.o(.ARM.Collect$$rtexit$$00000004) for .ARM.Collect$$rtexit$$00000004
    argv_veneer.o(.emb_text) refers to no_argv.o(.text) for __ARM_get_argv
    _get_argv_nomalloc.o(.text) refers (Special) to hrguard.o(.text) for __heap_region$guard
    _get_argv_nomalloc.o(.text) refers to defsig_rtmem_outer.o(.text) for __rt_SIGRTMEM
    _get_argv_nomalloc.o(.text) refers to sys_command.o(.text) for _sys_command_string
    libshutdown.o(.ARM.Collect$$libshutdown$$00000000) refers (Special) to libshutdown2.o(.ARM.Collect$$libshutdown$$00000006) for __rt_lib_shutdown_fp_trap_1
    libshutdown.o(.ARM.Collect$$libshutdown$$00000000) refers (Special) to libshutdown2.o(.ARM.Collect$$libshutdown$$0000000E) for __rt_lib_shutdown_heap_1
    libshutdown.o(.ARM.Collect$$libshutdown$$00000000) refers (Special) to libshutdown2.o(.ARM.Collect$$libshutdown$$0000000F) for __rt_lib_shutdown_return
    libshutdown.o(.ARM.Collect$$libshutdown$$00000000) refers (Special) to libshutdown2.o(.ARM.Collect$$libshutdown$$00000009) for __rt_lib_shutdown_signal_1
    libshutdown.o(.ARM.Collect$$libshutdown$$00000000) refers (Special) to libshutdown2.o(.ARM.Collect$$libshutdown$$00000003) for __rt_lib_shutdown_stdio_1
    libshutdown.o(.ARM.Collect$$libshutdown$$00000000) refers (Special) to libshutdown2.o(.ARM.Collect$$libshutdown$$0000000B) for __rt_lib_shutdown_user_alloc_1
    sys_command.o(.text) refers (Special) to use_no_semi.o(.text) for __I$use$semihosting
    sys_command.o(.text) refers (Special) to indicate_semi.o(.text) for __semihosting_library_function
    defsig_rtmem_outer.o(.text) refers to defsig_rtmem_inner.o(.text) for __rt_SIGRTMEM_inner
    defsig_rtmem_outer.o(.text) refers to defsig_exit.o(.text) for __sig_exit
    defsig_rtmem_formal.o(.text) refers to rt_raise.o(.text) for __rt_raise
    rt_raise.o(.text) refers to __raise.o(.text) for __raise
    rt_raise.o(.text) refers to usart.o(.text) for _sys_exit
    defsig_exit.o(.text) refers to usart.o(.text) for _sys_exit
    defsig_rtmem_inner.o(.text) refers to defsig_general.o(.text) for __default_signal_display
    __raise.o(.text) refers to defsig.o(CL$$defsig) for __default_signal_handler
    defsig_general.o(.text) refers to sys_wrch.o(.text) for _ttywrch
    sys_wrch.o(.text) refers (Special) to use_no_semi.o(.text) for __I$use$semihosting
    sys_wrch.o(.text) refers (Special) to indicate_semi.o(.text) for __semihosting_library_function
    defsig.o(CL$$defsig) refers to defsig_rtmem_inner.o(.text) for __rt_SIGRTMEM_inner
    defsig_abrt_inner.o(.text) refers to defsig_general.o(.text) for __default_signal_display
    defsig_fpe_inner.o(.text) refers to defsig_general.o(.text) for __default_signal_display
    defsig_rtred_inner.o(.text) refers to defsig_general.o(.text) for __default_signal_display
    defsig_stak_inner.o(.text) refers to defsig_general.o(.text) for __default_signal_display
    defsig_pvfn_inner.o(.text) refers to defsig_general.o(.text) for __default_signal_display
    defsig_cppl_inner.o(.text) refers to defsig_general.o(.text) for __default_signal_display
    defsig_segv_inner.o(.text) refers to defsig_general.o(.text) for __default_signal_display
    defsig_other.o(.text) refers to defsig_general.o(.text) for __default_signal_display


==============================================================================

Removing Unused input sections from the image.

    Removing adc.o(.bss), (256 bytes).
    Removing adc.o(.data), (2 bytes).
    Removing fenduan.o(.text), (2704 bytes).
    Removing fenduan.o(.data), (4 bytes).
    Removing movements.o(.text), (2200 bytes).
    Removing ceju.o(.text), (616 bytes).
    Removing ceju.o(.data), (24 bytes).
    Removing adc2.o(.text), (548 bytes).
    Removing sys.o(.emb_text), (6 bytes).
    Removing sys.o(.text), (12 bytes).
    Removing usart.o(.bss), (200 bytes).
    Removing usart.o(.data), (6 bytes).
    Removing core_cm3.o(.emb_text), (32 bytes).

13 unused section(s) (total 6610 bytes) removed from the image.

==============================================================================

Image Symbol Table

    Local Symbols

    Symbol Name                              Value     Ov Type        Size  Object(Section)

    ../clib/angel/boardlib.s                 0x00000000   Number         0  boardinit3.o ABSOLUTE
    ../clib/angel/boardlib.s                 0x00000000   Number         0  boardshut.o ABSOLUTE
    ../clib/angel/boardlib.s                 0x00000000   Number         0  boardinit2.o ABSOLUTE
    ../clib/angel/boardlib.s                 0x00000000   Number         0  boardinit1.o ABSOLUTE
    ../clib/angel/handlers.s                 0x00000000   Number         0  __scatter_zi.o ABSOLUTE
    ../clib/angel/handlers.s                 0x00000000   Number         0  __scatter_copy.o ABSOLUTE
    ../clib/angel/kernel.s                   0x00000000   Number         0  __rtentry4.o ABSOLUTE
    ../clib/angel/kernel.s                   0x00000000   Number         0  __rtentry2.o ABSOLUTE
    ../clib/angel/kernel.s                   0x00000000   Number         0  rtexit.o ABSOLUTE
    ../clib/angel/kernel.s                   0x00000000   Number         0  rtexit2.o ABSOLUTE
    ../clib/angel/kernel.s                   0x00000000   Number         0  __rtentry.o ABSOLUTE
    ../clib/angel/rt.s                       0x00000000   Number         0  rt_raise.o ABSOLUTE
    ../clib/angel/scatter.s                  0x00000000   Number         0  __scatter.o ABSOLUTE
    ../clib/angel/startup.s                  0x00000000   Number         0  __main.o ABSOLUTE
    ../clib/angel/sys.s                      0x00000000   Number         0  sys_stackheap_outer.o ABSOLUTE
    ../clib/angel/sys.s                      0x00000000   Number         0  use_no_semi.o ABSOLUTE
    ../clib/angel/sys.s                      0x00000000   Number         0  use_no_semi_2.o ABSOLUTE
    ../clib/angel/sys.s                      0x00000000   Number         0  libspace.o ABSOLUTE
    ../clib/angel/sys.s                      0x00000000   Number         0  indicate_semi.o ABSOLUTE
    ../clib/angel/sysapp.c                   0x00000000   Number         0  sys_wrch.o ABSOLUTE
    ../clib/angel/sysapp.c                   0x00000000   Number         0  sys_command.o ABSOLUTE
    ../clib/armsys.c                         0x00000000   Number         0  argv_veneer.o ABSOLUTE
    ../clib/armsys.c                         0x00000000   Number         0  argv_veneer.o ABSOLUTE
    ../clib/armsys.c                         0x00000000   Number         0  _get_argv_nomalloc.o ABSOLUTE
    ../clib/armsys.c                         0x00000000   Number         0  no_argv.o ABSOLUTE
    ../clib/heapalloc.c                      0x00000000   Number         0  hrguard.o ABSOLUTE
    ../clib/heapaux.c                        0x00000000   Number         0  heapauxi.o ABSOLUTE
    ../clib/libinit.s                        0x00000000   Number         0  libshutdown2.o ABSOLUTE
    ../clib/libinit.s                        0x00000000   Number         0  libinit.o ABSOLUTE
    ../clib/libinit.s                        0x00000000   Number         0  libinit2.o ABSOLUTE
    ../clib/libinit.s                        0x00000000   Number         0  libshutdown.o ABSOLUTE
    ../clib/memcpset.s                       0x00000000   Number         0  rt_memclr_w.o ABSOLUTE
    ../clib/signal.c                         0x00000000   Number         0  defsig_cppl_inner.o ABSOLUTE
    ../clib/signal.c                         0x00000000   Number         0  defsig_segv_inner.o ABSOLUTE
    ../clib/signal.c                         0x00000000   Number         0  defsig_rtmem_formal.o ABSOLUTE
    ../clib/signal.c                         0x00000000   Number         0  defsig_exit.o ABSOLUTE
    ../clib/signal.c                         0x00000000   Number         0  defsig_rtred_inner.o ABSOLUTE
    ../clib/signal.c                         0x00000000   Number         0  defsig_fpe_inner.o ABSOLUTE
    ../clib/signal.c                         0x00000000   Number         0  defsig_abrt_inner.o ABSOLUTE
    ../clib/signal.c                         0x00000000   Number         0  defsig_other.o ABSOLUTE
    ../clib/signal.c                         0x00000000   Number         0  defsig_rtmem_inner.o ABSOLUTE
    ../clib/signal.c                         0x00000000   Number         0  __raise.o ABSOLUTE
    ../clib/signal.c                         0x00000000   Number         0  defsig_general.o ABSOLUTE
    ../clib/signal.c                         0x00000000   Number         0  defsig_rtmem_outer.o ABSOLUTE
    ../clib/signal.c                         0x00000000   Number         0  defsig_pvfn_inner.o ABSOLUTE
    ../clib/signal.c                         0x00000000   Number         0  defsig_stak_inner.o ABSOLUTE
    ../clib/signal.s                         0x00000000   Number         0  defsig.o ABSOLUTE
    ../clib/stdlib.c                         0x00000000   Number         0  exit.o ABSOLUTE
    ../fplib/dcmpi.s                         0x00000000   Number         0  dcmpi.o ABSOLUTE
    ../fplib/dfixu.s                         0x00000000   Number         0  dfixu.o ABSOLUTE
    ../fplib/dflt.s                          0x00000000   Number         0  dflt_clz.o ABSOLUTE
    ../fplib/dleqf.s                         0x00000000   Number         0  dleqf.o ABSOLUTE
    ../fplib/dnaninf.s                       0x00000000   Number         0  dnaninf.o ABSOLUTE
    ../fplib/drleqf.s                        0x00000000   Number         0  drleqf.o ABSOLUTE
    ../fplib/faddsub.s                       0x00000000   Number         0  faddsub_clz.o ABSOLUTE
    ../fplib/ffix.s                          0x00000000   Number         0  ffix.o ABSOLUTE
    ../fplib/fflt.s                          0x00000000   Number         0  fflt_clz.o ABSOLUTE
    ../fplib/fmul.s                          0x00000000   Number         0  fmul.o ABSOLUTE
    ../fplib/fnaninf.s                       0x00000000   Number         0  fnaninf.o ABSOLUTE
    ../fplib/fpinit.s                        0x00000000   Number         0  fpinit.o ABSOLUTE
    ../fplib/fretinf.s                       0x00000000   Number         0  fretinf.o ABSOLUTE
    ../fplib/usenofp.s                       0x00000000   Number         0  usenofp.o ABSOLUTE
    ..\CORE\core_cm3.c                       0x00000000   Number         0  core_cm3.o ABSOLUTE
    ..\CORE\startup_stm32f10x_hd.s           0x00000000   Number         0  startup_stm32f10x_hd.o ABSOLUTE
    ..\HARDWARE\ADC\adc.c                    0x00000000   Number         0  adc.o ABSOLUTE
    ..\HARDWARE\Init\Init.c                  0x00000000   Number         0  init.o ABSOLUTE
    ..\HARDWARE\LED\led.c                    0x00000000   Number         0  led.o ABSOLUTE
    ..\HARDWARE\REMOTE\remote.c              0x00000000   Number         0  remote.o ABSOLUTE
    ..\HARDWARE\TIMER\timer.c                0x00000000   Number         0  timer.o ABSOLUTE
    ..\HARDWARE\adc2\adc2.c                  0x00000000   Number         0  adc2.o ABSOLUTE
    ..\HARDWARE\ceju\ceju.c                  0x00000000   Number         0  ceju.o ABSOLUTE
    ..\HARDWARE\duoji\duoj.c                 0x00000000   Number         0  duoj.o ABSOLUTE
    ..\HARDWARE\fenduan\fenduan.c            0x00000000   Number         0  fenduan.o ABSOLUTE
    ..\HARDWARE\movements\movements.c        0x00000000   Number         0  movements.o ABSOLUTE
    ..\HARDWARE\xunji\xunji.c                0x00000000   Number         0  xunji.o ABSOLUTE
    ..\HARDWARE\yanse\rgb3.c                 0x00000000   Number         0  rgb3.o ABSOLUTE
    ..\STM32F10x_FWLib\src\misc.c            0x00000000   Number         0  misc.o ABSOLUTE
    ..\STM32F10x_FWLib\src\stm32f10x_adc.c   0x00000000   Number         0  stm32f10x_adc.o ABSOLUTE
    ..\STM32F10x_FWLib\src\stm32f10x_exti.c  0x00000000   Number         0  stm32f10x_exti.o ABSOLUTE
    ..\STM32F10x_FWLib\src\stm32f10x_gpio.c  0x00000000   Number         0  stm32f10x_gpio.o ABSOLUTE
    ..\STM32F10x_FWLib\src\stm32f10x_rcc.c   0x00000000   Number         0  stm32f10x_rcc.o ABSOLUTE
    ..\STM32F10x_FWLib\src\stm32f10x_tim.c   0x00000000   Number         0  stm32f10x_tim.o ABSOLUTE
    ..\STM32F10x_FWLib\src\stm32f10x_usart.c 0x00000000   Number         0  stm32f10x_usart.o ABSOLUTE
    ..\SYSTEM\delay\delay.c                  0x00000000   Number         0  delay.o ABSOLUTE
    ..\SYSTEM\sys\sys.c                      0x00000000   Number         0  sys.o ABSOLUTE
    ..\SYSTEM\usart\usart.c                  0x00000000   Number         0  usart.o ABSOLUTE
    ..\\CORE\\core_cm3.c                     0x00000000   Number         0  core_cm3.o ABSOLUTE
    ..\\SYSTEM\\sys\\sys.c                   0x00000000   Number         0  sys.o ABSOLUTE
    dc.s                                     0x00000000   Number         0  dc.o ABSOLUTE
    main.c                                   0x00000000   Number         0  main.o ABSOLUTE
    stm32f10x_it.c                           0x00000000   Number         0  stm32f10x_it.o ABSOLUTE
    system_stm32f10x.c                       0x00000000   Number         0  system_stm32f10x.o ABSOLUTE
    RESET                                    0x08000000   Section      304  startup_stm32f10x_hd.o(RESET)
    !!!main                                  0x08000130   Section        8  __main.o(!!!main)
    !!!scatter                               0x08000138   Section       52  __scatter.o(!!!scatter)
    !!handler_copy                           0x0800016c   Section       26  __scatter_copy.o(!!handler_copy)
    !!handler_zi                             0x08000188   Section       28  __scatter_zi.o(!!handler_zi)
    .ARM.Collect$$libinit$$00000000          0x080001a4   Section        2  libinit.o(.ARM.Collect$$libinit$$00000000)
    .ARM.Collect$$libinit$$00000002          0x080001a6   Section        0  libinit2.o(.ARM.Collect$$libinit$$00000002)
    .ARM.Collect$$libinit$$00000004          0x080001a6   Section        0  libinit2.o(.ARM.Collect$$libinit$$00000004)
    .ARM.Collect$$libinit$$0000000A          0x080001a6   Section        0  libinit2.o(.ARM.Collect$$libinit$$0000000A)
    .ARM.Collect$$libinit$$0000000C          0x080001a6   Section        0  libinit2.o(.ARM.Collect$$libinit$$0000000C)
    .ARM.Collect$$libinit$$0000000E          0x080001a6   Section        0  libinit2.o(.ARM.Collect$$libinit$$0000000E)
    .ARM.Collect$$libinit$$00000011          0x080001a6   Section        0  libinit2.o(.ARM.Collect$$libinit$$00000011)
    .ARM.Collect$$libinit$$00000013          0x080001a6   Section        0  libinit2.o(.ARM.Collect$$libinit$$00000013)
    .ARM.Collect$$libinit$$00000015          0x080001a6   Section        0  libinit2.o(.ARM.Collect$$libinit$$00000015)
    .ARM.Collect$$libinit$$00000017          0x080001a6   Section        0  libinit2.o(.ARM.Collect$$libinit$$00000017)
    .ARM.Collect$$libinit$$00000019          0x080001a6   Section        0  libinit2.o(.ARM.Collect$$libinit$$00000019)
    .ARM.Collect$$libinit$$0000001B          0x080001a6   Section        0  libinit2.o(.ARM.Collect$$libinit$$0000001B)
    .ARM.Collect$$libinit$$0000001D          0x080001a6   Section        0  libinit2.o(.ARM.Collect$$libinit$$0000001D)
    .ARM.Collect$$libinit$$0000001F          0x080001a6   Section        0  libinit2.o(.ARM.Collect$$libinit$$0000001F)
    .ARM.Collect$$libinit$$00000021          0x080001a6   Section        0  libinit2.o(.ARM.Collect$$libinit$$00000021)
    .ARM.Collect$$libinit$$00000023          0x080001a6   Section        0  libinit2.o(.ARM.Collect$$libinit$$00000023)
    .ARM.Collect$$libinit$$00000025          0x080001a6   Section        0  libinit2.o(.ARM.Collect$$libinit$$00000025)
    .ARM.Collect$$libinit$$0000002C          0x080001a6   Section        0  libinit2.o(.ARM.Collect$$libinit$$0000002C)
    .ARM.Collect$$libinit$$0000002E          0x080001a6   Section        0  libinit2.o(.ARM.Collect$$libinit$$0000002E)
    .ARM.Collect$$libinit$$00000030          0x080001a6   Section        0  libinit2.o(.ARM.Collect$$libinit$$00000030)
    .ARM.Collect$$libinit$$00000032          0x080001a6   Section        0  libinit2.o(.ARM.Collect$$libinit$$00000032)
    .ARM.Collect$$libinit$$00000033          0x080001a6   Section        2  libinit2.o(.ARM.Collect$$libinit$$00000033)
    .ARM.Collect$$libshutdown$$00000000      0x080001a8   Section        2  libshutdown.o(.ARM.Collect$$libshutdown$$00000000)
    .ARM.Collect$$libshutdown$$00000003      0x080001aa   Section        0  libshutdown2.o(.ARM.Collect$$libshutdown$$00000003)
    .ARM.Collect$$libshutdown$$00000006      0x080001aa   Section        0  libshutdown2.o(.ARM.Collect$$libshutdown$$00000006)
    .ARM.Collect$$libshutdown$$00000009      0x080001aa   Section        0  libshutdown2.o(.ARM.Collect$$libshutdown$$00000009)
    .ARM.Collect$$libshutdown$$0000000B      0x080001aa   Section        0  libshutdown2.o(.ARM.Collect$$libshutdown$$0000000B)
    .ARM.Collect$$libshutdown$$0000000E      0x080001aa   Section        0  libshutdown2.o(.ARM.Collect$$libshutdown$$0000000E)
    .ARM.Collect$$libshutdown$$0000000F      0x080001aa   Section        2  libshutdown2.o(.ARM.Collect$$libshutdown$$0000000F)
    .ARM.Collect$$rtentry$$00000000          0x080001ac   Section        0  __rtentry.o(.ARM.Collect$$rtentry$$00000000)
    .ARM.Collect$$rtentry$$00000002          0x080001ac   Section        0  __rtentry2.o(.ARM.Collect$$rtentry$$00000002)
    .ARM.Collect$$rtentry$$00000004          0x080001ac   Section        6  __rtentry4.o(.ARM.Collect$$rtentry$$00000004)
    .ARM.Collect$$rtentry$$00000009          0x080001b2   Section        0  __rtentry2.o(.ARM.Collect$$rtentry$$00000009)
    .ARM.Collect$$rtentry$$0000000A          0x080001b2   Section        4  __rtentry2.o(.ARM.Collect$$rtentry$$0000000A)
    .ARM.Collect$$rtentry$$0000000C          0x080001b6   Section        0  __rtentry2.o(.ARM.Collect$$rtentry$$0000000C)
    .ARM.Collect$$rtentry$$0000000D          0x080001b6   Section        8  __rtentry2.o(.ARM.Collect$$rtentry$$0000000D)
    .ARM.Collect$$rtexit$$00000000           0x080001be   Section        2  rtexit.o(.ARM.Collect$$rtexit$$00000000)
    .ARM.Collect$$rtexit$$00000002           0x080001c0   Section        0  rtexit2.o(.ARM.Collect$$rtexit$$00000002)
    .ARM.Collect$$rtexit$$00000003           0x080001c0   Section        4  rtexit2.o(.ARM.Collect$$rtexit$$00000003)
    .ARM.Collect$$rtexit$$00000004           0x080001c4   Section        6  rtexit2.o(.ARM.Collect$$rtexit$$00000004)
    .text                                    0x080001ca   Section        0  main.o(.text)
    .text                                    0x080001de   Section        0  stm32f10x_it.o(.text)
    .text                                    0x080001f8   Section        0  system_stm32f10x.o(.text)
    SetSysClockTo72                          0x080001f9   Thumb Code   214  system_stm32f10x.o(.text)
    SetSysClock                              0x080002cf   Thumb Code     8  system_stm32f10x.o(.text)
    .text                                    0x080003d8   Section        0  led.o(.text)
    .text                                    0x080004e0   Section        0  timer.o(.text)
    .text                                    0x08000734   Section        0  adc.o(.text)
    .text                                    0x080009a0   Section        0  remote.o(.text)
    .text                                    0x08000c4c   Section        0  xunji.o(.text)
    .text                                    0x08000f00   Section        0  init.o(.text)
    .text                                    0x08000f4c   Section        0  duoj.o(.text)
    .text                                    0x08001820   Section        0  rgb3.o(.text)
    .text                                    0x08001af4   Section        0  delay.o(.text)
    .text                                    0x08001bc8   Section        0  usart.o(.text)
    .text                                    0x08001d44   Section       64  startup_stm32f10x_hd.o(.text)
    .text                                    0x08001d84   Section        0  misc.o(.text)
    .text                                    0x08001e60   Section        0  stm32f10x_gpio.o(.text)
    .text                                    0x080021bc   Section        0  stm32f10x_rcc.o(.text)
    .text                                    0x08002560   Section        0  stm32f10x_tim.o(.text)
    TI4_Config                               0x08002a07   Thumb Code   130  stm32f10x_tim.o(.text)
    TI3_Config                               0x08002a9b   Thumb Code   122  stm32f10x_tim.o(.text)
    TI2_Config                               0x08002b2f   Thumb Code   130  stm32f10x_tim.o(.text)
    TI1_Config                               0x08002bc3   Thumb Code   108  stm32f10x_tim.o(.text)
    .text                                    0x0800337c   Section        0  stm32f10x_usart.o(.text)
    .text                                    0x08003784   Section        0  stm32f10x_adc.o(.text)
    .text                                    0x08003bd4   Section        0  stm32f10x_exti.o(.text)
    .text                                    0x08003cf0   Section        2  use_no_semi_2.o(.text)
    .text                                    0x08003cf2   Section       78  rt_memclr_w.o(.text)
    .text                                    0x08003d40   Section        0  heapauxi.o(.text)
    .text                                    0x08003d46   Section        2  use_no_semi.o(.text)
    .text                                    0x08003d48   Section       74  sys_stackheap_outer.o(.text)
    .text                                    0x08003d92   Section        0  exit.o(.text)
    .text                                    0x08003da0   Section        8  libspace.o(.text)
    x$fpl$dcmpinf                            0x08003da8   Section       24  dcmpi.o(x$fpl$dcmpinf)
    x$fpl$dfixu                              0x08003dc0   Section       90  dfixu.o(x$fpl$dfixu)
    x$fpl$dflt                               0x08003e1a   Section       46  dflt_clz.o(x$fpl$dflt)
    x$fpl$dleqf                              0x08003e48   Section      120  dleqf.o(x$fpl$dleqf)
    x$fpl$dnaninf                            0x08003ec0   Section      156  dnaninf.o(x$fpl$dnaninf)
    x$fpl$drleqf                             0x08003f5c   Section      108  drleqf.o(x$fpl$drleqf)
    x$fpl$fadd                               0x08003fc8   Section      196  faddsub_clz.o(x$fpl$fadd)
    _fadd1                                   0x08003fd7   Thumb Code     0  faddsub_clz.o(x$fpl$fadd)
    x$fpl$ffix                               0x0800408c   Section       54  ffix.o(x$fpl$ffix)
    x$fpl$fflt                               0x080040c4   Section       48  fflt_clz.o(x$fpl$fflt)
    x$fpl$fmul                               0x080040f4   Section      258  fmul.o(x$fpl$fmul)
    x$fpl$fnaninf                            0x080041f6   Section      140  fnaninf.o(x$fpl$fnaninf)
    x$fpl$fretinf                            0x08004282   Section       10  fretinf.o(x$fpl$fretinf)
    x$fpl$fsub                               0x0800428c   Section      234  faddsub_clz.o(x$fpl$fsub)
    _fsub1                                   0x0800429b   Thumb Code     0  faddsub_clz.o(x$fpl$fsub)
    x$fpl$usenofp                            0x08004376   Section        0  usenofp.o(x$fpl$usenofp)
    .constdata                               0x08004378   Section        4  adc.o(.constdata)
    .data                                    0x20000000   Section       36  main.o(.data)
    .data                                    0x20000024   Section       20  system_stm32f10x.o(.data)
    .data                                    0x20000038   Section        9  remote.o(.data)
    .data                                    0x20000044   Section       24  xunji.o(.data)
    .data                                    0x2000005c   Section        8  duoj.o(.data)
    .data                                    0x20000068   Section       38  rgb3.o(.data)
    .data                                    0x2000008e   Section        4  delay.o(.data)
    fac_us                                   0x2000008e   Data           1  delay.o(.data)
    fac_ms                                   0x20000090   Data           2  delay.o(.data)
    .data                                    0x20000092   Section       20  stm32f10x_rcc.o(.data)
    APBAHBPrescTable                         0x20000092   Data          16  stm32f10x_rcc.o(.data)
    ADCPrescTable                            0x200000a2   Data           4  stm32f10x_rcc.o(.data)
    .bss                                     0x200000a8   Section       96  libspace.o(.bss)
    HEAP                                     0x20000108   Section      512  startup_stm32f10x_hd.o(HEAP)
    Heap_Mem                                 0x20000108   Data         512  startup_stm32f10x_hd.o(HEAP)
    STACK                                    0x20000308   Section     1024  startup_stm32f10x_hd.o(STACK)
    Stack_Mem                                0x20000308   Data        1024  startup_stm32f10x_hd.o(STACK)
    __initial_sp                             0x20000708   Data           0  startup_stm32f10x_hd.o(STACK)

    Global Symbols

    Symbol Name                              Value     Ov Type        Size  Object(Section)

    BuildAttributes$$THM_ISAv4$P$D$K$B$S$PE$A:L22UL41UL21$X:L11$S22US41US21$IEEE1$IW$USESV6$~STKCKD$USESV7$~SHL$OSPACE$ROPI$EBA8$UX$STANDARDLIB$REQ8$PRES8$EABIv2 0x00000000   Number         0  anon$$obj.o ABSOLUTE
    __ARM_use_no_argv                        0x00000000   Number         0  main.o ABSOLUTE
    __ARM_exceptions_init                     - Undefined Weak Reference
    __alloca_initialize                       - Undefined Weak Reference
    __arm_preinit_                            - Undefined Weak Reference
    __cpp_initialize__aeabi_                  - Undefined Weak Reference
    __cxa_finalize                            - Undefined Weak Reference
    __rt_locale                               - Undefined Weak Reference
    __sigvec_lookup                           - Undefined Weak Reference
    _atexit_init                              - Undefined Weak Reference
    _call_atexit_fns                          - Undefined Weak Reference
    _clock_init                               - Undefined Weak Reference
    _fp_trap_init                             - Undefined Weak Reference
    _fp_trap_shutdown                         - Undefined Weak Reference
    _get_lc_collate                           - Undefined Weak Reference
    _get_lc_ctype                             - Undefined Weak Reference
    _get_lc_monetary                          - Undefined Weak Reference
    _get_lc_numeric                           - Undefined Weak Reference
    _get_lc_time                              - Undefined Weak Reference
    _getenv_init                              - Undefined Weak Reference
    _handle_redirection                       - Undefined Weak Reference
    _init_alloc                               - Undefined Weak Reference
    _init_user_alloc                          - Undefined Weak Reference
    _initio                                   - Undefined Weak Reference
    _rand_init                                - Undefined Weak Reference
    _signal_finish                            - Undefined Weak Reference
    _signal_init                              - Undefined Weak Reference
    _terminate_alloc                          - Undefined Weak Reference
    _terminate_user_alloc                     - Undefined Weak Reference
    _terminateio                              - Undefined Weak Reference
    __Vectors_Size                           0x00000130   Number         0  startup_stm32f10x_hd.o ABSOLUTE
    __Vectors                                0x08000000   Data           4  startup_stm32f10x_hd.o(RESET)
    __Vectors_End                            0x08000130   Data           0  startup_stm32f10x_hd.o(RESET)
    __main                                   0x08000131   Thumb Code     8  __main.o(!!!main)
    __scatterload                            0x08000139   Thumb Code     0  __scatter.o(!!!scatter)
    __scatterload_rt2                        0x08000139   Thumb Code    44  __scatter.o(!!!scatter)
    __scatterload_rt2_thumb_only             0x08000139   Thumb Code     0  __scatter.o(!!!scatter)
    __scatterload_null                       0x08000147   Thumb Code     0  __scatter.o(!!!scatter)
    __scatterload_copy                       0x0800016d   Thumb Code    26  __scatter_copy.o(!!handler_copy)
    __scatterload_zeroinit                   0x08000189   Thumb Code    28  __scatter_zi.o(!!handler_zi)
    __rt_lib_init                            0x080001a5   Thumb Code     0  libinit.o(.ARM.Collect$$libinit$$00000000)
    __rt_lib_init_alloca_1                   0x080001a7   Thumb Code     0  libinit2.o(.ARM.Collect$$libinit$$0000002E)
    __rt_lib_init_argv_1                     0x080001a7   Thumb Code     0  libinit2.o(.ARM.Collect$$libinit$$0000002C)
    __rt_lib_init_atexit_1                   0x080001a7   Thumb Code     0  libinit2.o(.ARM.Collect$$libinit$$0000001B)
    __rt_lib_init_clock_1                    0x080001a7   Thumb Code     0  libinit2.o(.ARM.Collect$$libinit$$00000021)
    __rt_lib_init_cpp_1                      0x080001a7   Thumb Code     0  libinit2.o(.ARM.Collect$$libinit$$00000032)
    __rt_lib_init_exceptions_1               0x080001a7   Thumb Code     0  libinit2.o(.ARM.Collect$$libinit$$00000030)
    __rt_lib_init_fp_1                       0x080001a7   Thumb Code     0  libinit2.o(.ARM.Collect$$libinit$$00000002)
    __rt_lib_init_fp_trap_1                  0x080001a7   Thumb Code     0  libinit2.o(.ARM.Collect$$libinit$$0000001F)
    __rt_lib_init_getenv_1                   0x080001a7   Thumb Code     0  libinit2.o(.ARM.Collect$$libinit$$00000023)
    __rt_lib_init_heap_1                     0x080001a7   Thumb Code     0  libinit2.o(.ARM.Collect$$libinit$$0000000A)
    __rt_lib_init_lc_collate_1               0x080001a7   Thumb Code     0  libinit2.o(.ARM.Collect$$libinit$$00000011)
    __rt_lib_init_lc_ctype_1                 0x080001a7   Thumb Code     0  libinit2.o(.ARM.Collect$$libinit$$00000013)
    __rt_lib_init_lc_monetary_1              0x080001a7   Thumb Code     0  libinit2.o(.ARM.Collect$$libinit$$00000015)
    __rt_lib_init_lc_numeric_1               0x080001a7   Thumb Code     0  libinit2.o(.ARM.Collect$$libinit$$00000017)
    __rt_lib_init_lc_time_1                  0x080001a7   Thumb Code     0  libinit2.o(.ARM.Collect$$libinit$$00000019)
    __rt_lib_init_preinit_1                  0x080001a7   Thumb Code     0  libinit2.o(.ARM.Collect$$libinit$$00000004)
    __rt_lib_init_rand_1                     0x080001a7   Thumb Code     0  libinit2.o(.ARM.Collect$$libinit$$0000000E)
    __rt_lib_init_return                     0x080001a7   Thumb Code     0  libinit2.o(.ARM.Collect$$libinit$$00000033)
    __rt_lib_init_signal_1                   0x080001a7   Thumb Code     0  libinit2.o(.ARM.Collect$$libinit$$0000001D)
    __rt_lib_init_stdio_1                    0x080001a7   Thumb Code     0  libinit2.o(.ARM.Collect$$libinit$$00000025)
    __rt_lib_init_user_alloc_1               0x080001a7   Thumb Code     0  libinit2.o(.ARM.Collect$$libinit$$0000000C)
    __rt_lib_shutdown                        0x080001a9   Thumb Code     0  libshutdown.o(.ARM.Collect$$libshutdown$$00000000)
    __rt_lib_shutdown_fp_trap_1              0x080001ab   Thumb Code     0  libshutdown2.o(.ARM.Collect$$libshutdown$$00000006)
    __rt_lib_shutdown_heap_1                 0x080001ab   Thumb Code     0  libshutdown2.o(.ARM.Collect$$libshutdown$$0000000E)
    __rt_lib_shutdown_return                 0x080001ab   Thumb Code     0  libshutdown2.o(.ARM.Collect$$libshutdown$$0000000F)
    __rt_lib_shutdown_signal_1               0x080001ab   Thumb Code     0  libshutdown2.o(.ARM.Collect$$libshutdown$$00000009)
    __rt_lib_shutdown_stdio_1                0x080001ab   Thumb Code     0  libshutdown2.o(.ARM.Collect$$libshutdown$$00000003)
    __rt_lib_shutdown_user_alloc_1           0x080001ab   Thumb Code     0  libshutdown2.o(.ARM.Collect$$libshutdown$$0000000B)
    __rt_entry                               0x080001ad   Thumb Code     0  __rtentry.o(.ARM.Collect$$rtentry$$00000000)
    __rt_entry_presh_1                       0x080001ad   Thumb Code     0  __rtentry2.o(.ARM.Collect$$rtentry$$00000002)
    __rt_entry_sh                            0x080001ad   Thumb Code     0  __rtentry4.o(.ARM.Collect$$rtentry$$00000004)
    __rt_entry_li                            0x080001b3   Thumb Code     0  __rtentry2.o(.ARM.Collect$$rtentry$$0000000A)
    __rt_entry_postsh_1                      0x080001b3   Thumb Code     0  __rtentry2.o(.ARM.Collect$$rtentry$$00000009)
    __rt_entry_main                          0x080001b7   Thumb Code     0  __rtentry2.o(.ARM.Collect$$rtentry$$0000000D)
    __rt_entry_postli_1                      0x080001b7   Thumb Code     0  __rtentry2.o(.ARM.Collect$$rtentry$$0000000C)
    __rt_exit                                0x080001bf   Thumb Code     0  rtexit.o(.ARM.Collect$$rtexit$$00000000)
    __rt_exit_ls                             0x080001c1   Thumb Code     0  rtexit2.o(.ARM.Collect$$rtexit$$00000003)
    __rt_exit_prels_1                        0x080001c1   Thumb Code     0  rtexit2.o(.ARM.Collect$$rtexit$$00000002)
    __rt_exit_exit                           0x080001c5   Thumb Code     0  rtexit2.o(.ARM.Collect$$rtexit$$00000004)
    ceshi                                    0x080001cb   Thumb Code     8  main.o(.text)
    main                                     0x080001d3   Thumb Code    12  main.o(.text)
    NMI_Handler                              0x080001df   Thumb Code     2  stm32f10x_it.o(.text)
    HardFault_Handler                        0x080001e1   Thumb Code     4  stm32f10x_it.o(.text)
    MemManage_Handler                        0x080001e5   Thumb Code     4  stm32f10x_it.o(.text)
    BusFault_Handler                         0x080001e9   Thumb Code     4  stm32f10x_it.o(.text)
    UsageFault_Handler                       0x080001ed   Thumb Code     4  stm32f10x_it.o(.text)
    SVC_Handler                              0x080001f1   Thumb Code     2  stm32f10x_it.o(.text)
    DebugMon_Handler                         0x080001f3   Thumb Code     2  stm32f10x_it.o(.text)
    PendSV_Handler                           0x080001f5   Thumb Code     2  stm32f10x_it.o(.text)
    SysTick_Handler                          0x080001f7   Thumb Code     2  stm32f10x_it.o(.text)
    SystemInit                               0x080002d7   Thumb Code    78  system_stm32f10x.o(.text)
    SystemCoreClockUpdate                    0x08000325   Thumb Code   142  system_stm32f10x.o(.text)
    LED_Init                                 0x080003d9   Thumb Code   248  led.o(.text)
    pwm_Init                                 0x080004e1   Thumb Code    40  timer.o(.text)
    TIM2_PWM_Init                            0x08000509   Thumb Code   170  timer.o(.text)
    speed1                                   0x080005b3   Thumb Code    62  timer.o(.text)
    tingzhi                                  0x080005f1   Thumb Code    24  timer.o(.text)
    zhuanwan                                 0x08000609   Thumb Code    74  timer.o(.text)
    daoche                                   0x08000653   Thumb Code    74  timer.o(.text)
    yuandizuozhuan                           0x0800069d   Thumb Code    74  timer.o(.text)
    yuandiyouzhuan                           0x080006e7   Thumb Code    74  timer.o(.text)
    GPIO_Config                              0x08000735   Thumb Code    38  adc.o(.text)
    Adc_Init                                 0x0800075b   Thumb Code   140  adc.o(.text)
    Get_Adc                                  0x080007e7   Thumb Code    46  adc.o(.text)
    Get_Adc_Average                          0x08000815   Thumb Code   110  adc.o(.text)
    SI                                       0x08000883   Thumb Code    30  adc.o(.text)
    CLK                                      0x080008a1   Thumb Code    30  adc.o(.text)
    CCD_Find                                 0x080008bf   Thumb Code   212  adc.o(.text)
    Remote_Init                              0x080009a1   Thumb Code   178  remote.o(.text)
    TIM4_IRQHandler                          0x08000a53   Thumb Code   384  remote.o(.text)
    Remote_Scan                              0x08000bd3   Thumb Code    92  remote.o(.text)
    xunji1                                   0x08000c4d   Thumb Code   534  xunji.o(.text)
    xunji                                    0x08000e63   Thumb Code   118  xunji.o(.text)
    Init                                     0x08000f01   Thumb Code    74  init.o(.text)
    GPIOD_Init                               0x08000f4d   Thumb Code    40  duoj.o(.text)
    TIM3_PWM_Init                            0x08000f75   Thumb Code   234  duoj.o(.text)
    mantiao                                  0x0800105f   Thumb Code   468  duoj.o(.text)
    mantiao1                                 0x08001233   Thumb Code   442  duoj.o(.text)
    duoji1234                                0x080013ed   Thumb Code    96  duoj.o(.text)
    duoji1234kuai                            0x0800144d   Thumb Code    90  duoj.o(.text)
    duoji2341                                0x080014a7   Thumb Code   104  duoj.o(.text)
    duoji3412                                0x0800150f   Thumb Code   104  duoj.o(.text)
    duoji3412kuai                            0x08001577   Thumb Code    96  duoj.o(.text)
    duoji1324                                0x080015d7   Thumb Code    96  duoj.o(.text)
    duoji1342                                0x08001637   Thumb Code    96  duoj.o(.text)
    duoji1243                                0x08001697   Thumb Code    96  duoj.o(.text)
    duoji2                                   0x080016f7   Thumb Code    50  duoj.o(.text)
    delay                                    0x08001729   Thumb Code    24  duoj.o(.text)
    manfang2                                 0x08001741   Thumb Code    56  duoj.o(.text)
    duoji                                    0x08001779   Thumb Code    50  duoj.o(.text)
    xiaoduoji                                0x080017ab   Thumb Code   110  duoj.o(.text)
    whitebalance                             0x08001821   Thumb Code   140  rgb3.o(.text)
    duqui                                    0x080018ad   Thumb Code    82  rgb3.o(.text)
    USART1_IRQHandler                        0x080018ff   Thumb Code   270  rgb3.o(.text)
    EXTI2_IRQHandler                         0x08001a0d   Thumb Code    20  rgb3.o(.text)
    yanse_init                               0x08001a21   Thumb Code   146  rgb3.o(.text)
    delay_init                               0x08001af5   Thumb Code    50  delay.o(.text)
    delay_us                                 0x08001b27   Thumb Code    72  delay.o(.text)
    delay_ms                                 0x08001b6f   Thumb Code    72  delay.o(.text)
    _sys_exit                                0x08001bc9   Thumb Code     6  usart.o(.text)
    fputc                                    0x08001bcf   Thumb Code    32  usart.o(.text)
    uart_init                                0x08001bef   Thumb Code   158  usart.o(.text)
    USART1_SendByte                          0x08001c8d   Thumb Code    28  usart.o(.text)
    SendHex                                  0x08001ca9   Thumb Code    64  usart.o(.text)
    SendImageData                            0x08001ce9   Thumb Code    82  usart.o(.text)
    Reset_Handler                            0x08001d45   Thumb Code     8  startup_stm32f10x_hd.o(.text)
    ADC1_2_IRQHandler                        0x08001d5f   Thumb Code     0  startup_stm32f10x_hd.o(.text)
    ADC3_IRQHandler                          0x08001d5f   Thumb Code     0  startup_stm32f10x_hd.o(.text)
    CAN1_RX1_IRQHandler                      0x08001d5f   Thumb Code     0  startup_stm32f10x_hd.o(.text)
    CAN1_SCE_IRQHandler                      0x08001d5f   Thumb Code     0  startup_stm32f10x_hd.o(.text)
    DMA1_Channel1_IRQHandler                 0x08001d5f   Thumb Code     0  startup_stm32f10x_hd.o(.text)
    DMA1_Channel2_IRQHandler                 0x08001d5f   Thumb Code     0  startup_stm32f10x_hd.o(.text)
    DMA1_Channel3_IRQHandler                 0x08001d5f   Thumb Code     0  startup_stm32f10x_hd.o(.text)
    DMA1_Channel4_IRQHandler                 0x08001d5f   Thumb Code     0  startup_stm32f10x_hd.o(.text)
    DMA1_Channel5_IRQHandler                 0x08001d5f   Thumb Code     0  startup_stm32f10x_hd.o(.text)
    DMA1_Channel6_IRQHandler                 0x08001d5f   Thumb Code     0  startup_stm32f10x_hd.o(.text)
    DMA1_Channel7_IRQHandler                 0x08001d5f   Thumb Code     0  startup_stm32f10x_hd.o(.text)
    DMA2_Channel1_IRQHandler                 0x08001d5f   Thumb Code     0  startup_stm32f10x_hd.o(.text)
    DMA2_Channel2_IRQHandler                 0x08001d5f   Thumb Code     0  startup_stm32f10x_hd.o(.text)
    DMA2_Channel3_IRQHandler                 0x08001d5f   Thumb Code     0  startup_stm32f10x_hd.o(.text)
    DMA2_Channel4_5_IRQHandler               0x08001d5f   Thumb Code     0  startup_stm32f10x_hd.o(.text)
    EXTI0_IRQHandler                         0x08001d5f   Thumb Code     0  startup_stm32f10x_hd.o(.text)
    EXTI15_10_IRQHandler                     0x08001d5f   Thumb Code     0  startup_stm32f10x_hd.o(.text)
    EXTI1_IRQHandler                         0x08001d5f   Thumb Code     0  startup_stm32f10x_hd.o(.text)
    EXTI3_IRQHandler                         0x08001d5f   Thumb Code     0  startup_stm32f10x_hd.o(.text)
    EXTI4_IRQHandler                         0x08001d5f   Thumb Code     0  startup_stm32f10x_hd.o(.text)
    EXTI9_5_IRQHandler                       0x08001d5f   Thumb Code     0  startup_stm32f10x_hd.o(.text)
    FLASH_IRQHandler                         0x08001d5f   Thumb Code     0  startup_stm32f10x_hd.o(.text)
    FSMC_IRQHandler                          0x08001d5f   Thumb Code     0  startup_stm32f10x_hd.o(.text)
    I2C1_ER_IRQHandler                       0x08001d5f   Thumb Code     0  startup_stm32f10x_hd.o(.text)
    I2C1_EV_IRQHandler                       0x08001d5f   Thumb Code     0  startup_stm32f10x_hd.o(.text)
    I2C2_ER_IRQHandler                       0x08001d5f   Thumb Code     0  startup_stm32f10x_hd.o(.text)
    I2C2_EV_IRQHandler                       0x08001d5f   Thumb Code     0  startup_stm32f10x_hd.o(.text)
    PVD_IRQHandler                           0x08001d5f   Thumb Code     0  startup_stm32f10x_hd.o(.text)
    RCC_IRQHandler                           0x08001d5f   Thumb Code     0  startup_stm32f10x_hd.o(.text)
    RTCAlarm_IRQHandler                      0x08001d5f   Thumb Code     0  startup_stm32f10x_hd.o(.text)
    RTC_IRQHandler                           0x08001d5f   Thumb Code     0  startup_stm32f10x_hd.o(.text)
    SDIO_IRQHandler                          0x08001d5f   Thumb Code     0  startup_stm32f10x_hd.o(.text)
    SPI1_IRQHandler                          0x08001d5f   Thumb Code     0  startup_stm32f10x_hd.o(.text)
    SPI2_IRQHandler                          0x08001d5f   Thumb Code     0  startup_stm32f10x_hd.o(.text)
    SPI3_IRQHandler                          0x08001d5f   Thumb Code     0  startup_stm32f10x_hd.o(.text)
    TAMPER_IRQHandler                        0x08001d5f   Thumb Code     0  startup_stm32f10x_hd.o(.text)
    TIM1_BRK_IRQHandler                      0x08001d5f   Thumb Code     0  startup_stm32f10x_hd.o(.text)
    TIM1_CC_IRQHandler                       0x08001d5f   Thumb Code     0  startup_stm32f10x_hd.o(.text)
    TIM1_TRG_COM_IRQHandler                  0x08001d5f   Thumb Code     0  startup_stm32f10x_hd.o(.text)
    TIM1_UP_IRQHandler                       0x08001d5f   Thumb Code     0  startup_stm32f10x_hd.o(.text)
    TIM2_IRQHandler                          0x08001d5f   Thumb Code     0  startup_stm32f10x_hd.o(.text)
    TIM3_IRQHandler                          0x08001d5f   Thumb Code     0  startup_stm32f10x_hd.o(.text)
    TIM5_IRQHandler                          0x08001d5f   Thumb Code     0  startup_stm32f10x_hd.o(.text)
    TIM6_IRQHandler                          0x08001d5f   Thumb Code     0  startup_stm32f10x_hd.o(.text)
    TIM7_IRQHandler                          0x08001d5f   Thumb Code     0  startup_stm32f10x_hd.o(.text)
    TIM8_BRK_IRQHandler                      0x08001d5f   Thumb Code     0  startup_stm32f10x_hd.o(.text)
    TIM8_CC_IRQHandler                       0x08001d5f   Thumb Code     0  startup_stm32f10x_hd.o(.text)
    TIM8_TRG_COM_IRQHandler                  0x08001d5f   Thumb Code     0  startup_stm32f10x_hd.o(.text)
    TIM8_UP_IRQHandler                       0x08001d5f   Thumb Code     0  startup_stm32f10x_hd.o(.text)
    UART4_IRQHandler                         0x08001d5f   Thumb Code     0  startup_stm32f10x_hd.o(.text)
    UART5_IRQHandler                         0x08001d5f   Thumb Code     0  startup_stm32f10x_hd.o(.text)
    USART2_IRQHandler                        0x08001d5f   Thumb Code     0  startup_stm32f10x_hd.o(.text)
    USART3_IRQHandler                        0x08001d5f   Thumb Code     0  startup_stm32f10x_hd.o(.text)
    USBWakeUp_IRQHandler                     0x08001d5f   Thumb Code     0  startup_stm32f10x_hd.o(.text)
    USB_HP_CAN1_TX_IRQHandler                0x08001d5f   Thumb Code     0  startup_stm32f10x_hd.o(.text)
    USB_LP_CAN1_RX0_IRQHandler               0x08001d5f   Thumb Code     0  startup_stm32f10x_hd.o(.text)
    WWDG_IRQHandler                          0x08001d5f   Thumb Code     0  startup_stm32f10x_hd.o(.text)
    __user_initial_stackheap                 0x08001d61   Thumb Code     0  startup_stm32f10x_hd.o(.text)
    NVIC_PriorityGroupConfig                 0x08001d85   Thumb Code    10  misc.o(.text)
    NVIC_Init                                0x08001d8f   Thumb Code   100  misc.o(.text)
    NVIC_SetVectorTable                      0x08001df3   Thumb Code    14  misc.o(.text)
    NVIC_SystemLPConfig                      0x08001e01   Thumb Code    34  misc.o(.text)
    SysTick_CLKSourceConfig                  0x08001e23   Thumb Code    40  misc.o(.text)
    GPIO_DeInit                              0x08001e61   Thumb Code   172  stm32f10x_gpio.o(.text)
    GPIO_AFIODeInit                          0x08001f0d   Thumb Code    20  stm32f10x_gpio.o(.text)
    GPIO_Init                                0x08001f21   Thumb Code   278  stm32f10x_gpio.o(.text)
    GPIO_StructInit                          0x08002037   Thumb Code    16  stm32f10x_gpio.o(.text)
    GPIO_ReadInputDataBit                    0x08002047   Thumb Code    18  stm32f10x_gpio.o(.text)
    GPIO_ReadInputData                       0x08002059   Thumb Code     8  stm32f10x_gpio.o(.text)
    GPIO_ReadOutputDataBit                   0x08002061   Thumb Code    18  stm32f10x_gpio.o(.text)
    GPIO_ReadOutputData                      0x08002073   Thumb Code     8  stm32f10x_gpio.o(.text)
    GPIO_SetBits                             0x0800207b   Thumb Code     4  stm32f10x_gpio.o(.text)
    GPIO_ResetBits                           0x0800207f   Thumb Code     4  stm32f10x_gpio.o(.text)
    GPIO_WriteBit                            0x08002083   Thumb Code    10  stm32f10x_gpio.o(.text)
    GPIO_Write                               0x0800208d   Thumb Code     4  stm32f10x_gpio.o(.text)
    GPIO_PinLockConfig                       0x08002091   Thumb Code    18  stm32f10x_gpio.o(.text)
    GPIO_EventOutputConfig                   0x080020a3   Thumb Code    26  stm32f10x_gpio.o(.text)
    GPIO_EventOutputCmd                      0x080020bd   Thumb Code     6  stm32f10x_gpio.o(.text)
    GPIO_PinRemapConfig                      0x080020c3   Thumb Code   138  stm32f10x_gpio.o(.text)
    GPIO_EXTILineConfig                      0x0800214d   Thumb Code    66  stm32f10x_gpio.o(.text)
    GPIO_ETH_MediaInterfaceConfig            0x0800218f   Thumb Code     8  stm32f10x_gpio.o(.text)
    RCC_DeInit                               0x080021bd   Thumb Code    64  stm32f10x_rcc.o(.text)
    RCC_HSEConfig                            0x080021fd   Thumb Code    70  stm32f10x_rcc.o(.text)
    RCC_GetFlagStatus                        0x08002243   Thumb Code    56  stm32f10x_rcc.o(.text)
    RCC_WaitForHSEStartUp                    0x0800227b   Thumb Code    56  stm32f10x_rcc.o(.text)
    RCC_AdjustHSICalibrationValue            0x080022b3   Thumb Code    20  stm32f10x_rcc.o(.text)
    RCC_HSICmd                               0x080022c7   Thumb Code     6  stm32f10x_rcc.o(.text)
    RCC_PLLConfig                            0x080022cd   Thumb Code    24  stm32f10x_rcc.o(.text)
    RCC_PLLCmd                               0x080022e5   Thumb Code     6  stm32f10x_rcc.o(.text)
    RCC_SYSCLKConfig                         0x080022eb   Thumb Code    18  stm32f10x_rcc.o(.text)
    RCC_GetSYSCLKSource                      0x080022fd   Thumb Code    10  stm32f10x_rcc.o(.text)
    RCC_HCLKConfig                           0x08002307   Thumb Code    18  stm32f10x_rcc.o(.text)
    RCC_PCLK1Config                          0x08002319   Thumb Code    18  stm32f10x_rcc.o(.text)
    RCC_PCLK2Config                          0x0800232b   Thumb Code    20  stm32f10x_rcc.o(.text)
    RCC_ITConfig                             0x0800233f   Thumb Code    26  stm32f10x_rcc.o(.text)
    RCC_USBCLKConfig                         0x08002359   Thumb Code     8  stm32f10x_rcc.o(.text)
    RCC_ADCCLKConfig                         0x08002361   Thumb Code    18  stm32f10x_rcc.o(.text)
    RCC_LSEConfig                            0x08002373   Thumb Code    50  stm32f10x_rcc.o(.text)
    RCC_LSICmd                               0x080023a5   Thumb Code     6  stm32f10x_rcc.o(.text)
    RCC_RTCCLKConfig                         0x080023ab   Thumb Code    12  stm32f10x_rcc.o(.text)
    RCC_RTCCLKCmd                            0x080023b7   Thumb Code     8  stm32f10x_rcc.o(.text)
    RCC_GetClocksFreq                        0x080023bf   Thumb Code   192  stm32f10x_rcc.o(.text)
    RCC_AHBPeriphClockCmd                    0x0800247f   Thumb Code    26  stm32f10x_rcc.o(.text)
    RCC_APB2PeriphClockCmd                   0x08002499   Thumb Code    26  stm32f10x_rcc.o(.text)
    RCC_APB1PeriphClockCmd                   0x080024b3   Thumb Code    26  stm32f10x_rcc.o(.text)
    RCC_APB2PeriphResetCmd                   0x080024cd   Thumb Code    26  stm32f10x_rcc.o(.text)
    RCC_APB1PeriphResetCmd                   0x080024e7   Thumb Code    26  stm32f10x_rcc.o(.text)
    RCC_BackupResetCmd                       0x08002501   Thumb Code     8  stm32f10x_rcc.o(.text)
    RCC_ClockSecuritySystemCmd               0x08002509   Thumb Code     6  stm32f10x_rcc.o(.text)
    RCC_MCOConfig                            0x0800250f   Thumb Code     6  stm32f10x_rcc.o(.text)
    RCC_ClearFlag                            0x08002515   Thumb Code    14  stm32f10x_rcc.o(.text)
    RCC_GetITStatus                          0x08002523   Thumb Code    20  stm32f10x_rcc.o(.text)
    RCC_ClearITPendingBit                    0x08002537   Thumb Code     6  stm32f10x_rcc.o(.text)
    TIM_DeInit                               0x08002561   Thumb Code   424  stm32f10x_tim.o(.text)
    TIM_TimeBaseInit                         0x08002709   Thumb Code   122  stm32f10x_tim.o(.text)
    TIM_OC1Init                              0x08002783   Thumb Code   132  stm32f10x_tim.o(.text)
    TIM_OC2Init                              0x08002807   Thumb Code   154  stm32f10x_tim.o(.text)
    TIM_OC3Init                              0x080028a1   Thumb Code   150  stm32f10x_tim.o(.text)
    TIM_OC4Init                              0x08002937   Thumb Code   182  stm32f10x_tim.o(.text)
    TIM_SetIC4Prescaler                      0x080029ed   Thumb Code    26  stm32f10x_tim.o(.text)
    TIM_SetIC3Prescaler                      0x08002a89   Thumb Code    18  stm32f10x_tim.o(.text)
    TIM_SetIC2Prescaler                      0x08002b15   Thumb Code    26  stm32f10x_tim.o(.text)
    TIM_SetIC1Prescaler                      0x08002bb1   Thumb Code    18  stm32f10x_tim.o(.text)
    TIM_ICInit                               0x08002c2f   Thumb Code   150  stm32f10x_tim.o(.text)
    TIM_PWMIConfig                           0x08002cc5   Thumb Code   124  stm32f10x_tim.o(.text)
    TIM_BDTRConfig                           0x08002d41   Thumb Code    32  stm32f10x_tim.o(.text)
    TIM_TimeBaseStructInit                   0x08002d61   Thumb Code    18  stm32f10x_tim.o(.text)
    TIM_OCStructInit                         0x08002d73   Thumb Code    20  stm32f10x_tim.o(.text)
    TIM_ICStructInit                         0x08002d87   Thumb Code    18  stm32f10x_tim.o(.text)
    TIM_BDTRStructInit                       0x08002d99   Thumb Code    40  stm32f10x_tim.o(.text)
    TIM_Cmd                                  0x08002dc1   Thumb Code    24  stm32f10x_tim.o(.text)
    TIM_CtrlPWMOutputs                       0x08002dd9   Thumb Code    30  stm32f10x_tim.o(.text)
    TIM_ITConfig                             0x08002df7   Thumb Code    18  stm32f10x_tim.o(.text)
    TIM_GenerateEvent                        0x08002e09   Thumb Code     4  stm32f10x_tim.o(.text)
    TIM_DMAConfig                            0x08002e0d   Thumb Code    10  stm32f10x_tim.o(.text)
    TIM_DMACmd                               0x08002e17   Thumb Code    18  stm32f10x_tim.o(.text)
    TIM_InternalClockConfig                  0x08002e29   Thumb Code    12  stm32f10x_tim.o(.text)
    TIM_SelectInputTrigger                   0x08002e35   Thumb Code    18  stm32f10x_tim.o(.text)
    TIM_ITRxExternalClockConfig              0x08002e47   Thumb Code    24  stm32f10x_tim.o(.text)
    TIM_TIxExternalClockConfig               0x08002e5f   Thumb Code    62  stm32f10x_tim.o(.text)
    TIM_ETRConfig                            0x08002e9d   Thumb Code    28  stm32f10x_tim.o(.text)
    TIM_ETRClockMode1Config                  0x08002eb9   Thumb Code    54  stm32f10x_tim.o(.text)
    TIM_ETRClockMode2Config                  0x08002eef   Thumb Code    32  stm32f10x_tim.o(.text)
    TIM_PrescalerConfig                      0x08002f0f   Thumb Code     6  stm32f10x_tim.o(.text)
    TIM_CounterModeConfig                    0x08002f15   Thumb Code    18  stm32f10x_tim.o(.text)
    TIM_EncoderInterfaceConfig               0x08002f27   Thumb Code    66  stm32f10x_tim.o(.text)
    TIM_ForcedOC1Config                      0x08002f69   Thumb Code    18  stm32f10x_tim.o(.text)
    TIM_ForcedOC2Config                      0x08002f7b   Thumb Code    26  stm32f10x_tim.o(.text)
    TIM_ForcedOC3Config                      0x08002f95   Thumb Code    18  stm32f10x_tim.o(.text)
    TIM_ForcedOC4Config                      0x08002fa7   Thumb Code    26  stm32f10x_tim.o(.text)
    TIM_ARRPreloadConfig                     0x08002fc1   Thumb Code    24  stm32f10x_tim.o(.text)
    TIM_SelectCOM                            0x08002fd9   Thumb Code    24  stm32f10x_tim.o(.text)
    TIM_SelectCCDMA                          0x08002ff1   Thumb Code    24  stm32f10x_tim.o(.text)
    TIM_CCPreloadControl                     0x08003009   Thumb Code    24  stm32f10x_tim.o(.text)
    TIM_OC1PreloadConfig                     0x08003021   Thumb Code    18  stm32f10x_tim.o(.text)
    TIM_OC2PreloadConfig                     0x08003033   Thumb Code    26  stm32f10x_tim.o(.text)
    TIM_OC3PreloadConfig                     0x0800304d   Thumb Code    18  stm32f10x_tim.o(.text)
    TIM_OC4PreloadConfig                     0x0800305f   Thumb Code    26  stm32f10x_tim.o(.text)
    TIM_OC1FastConfig                        0x08003079   Thumb Code    18  stm32f10x_tim.o(.text)
    TIM_OC2FastConfig                        0x0800308b   Thumb Code    26  stm32f10x_tim.o(.text)
    TIM_OC3FastConfig                        0x080030a5   Thumb Code    18  stm32f10x_tim.o(.text)
    TIM_OC4FastConfig                        0x080030b7   Thumb Code    26  stm32f10x_tim.o(.text)
    TIM_ClearOC1Ref                          0x080030d1   Thumb Code    18  stm32f10x_tim.o(.text)
    TIM_ClearOC2Ref                          0x080030e3   Thumb Code    24  stm32f10x_tim.o(.text)
    TIM_ClearOC3Ref                          0x080030fb   Thumb Code    18  stm32f10x_tim.o(.text)
    TIM_ClearOC4Ref                          0x0800310d   Thumb Code    24  stm32f10x_tim.o(.text)
    TIM_OC1PolarityConfig                    0x08003125   Thumb Code    18  stm32f10x_tim.o(.text)
    TIM_OC1NPolarityConfig                   0x08003137   Thumb Code    18  stm32f10x_tim.o(.text)
    TIM_OC2PolarityConfig                    0x08003149   Thumb Code    26  stm32f10x_tim.o(.text)
    TIM_OC2NPolarityConfig                   0x08003163   Thumb Code    26  stm32f10x_tim.o(.text)
    TIM_OC3PolarityConfig                    0x0800317d   Thumb Code    26  stm32f10x_tim.o(.text)
    TIM_OC3NPolarityConfig                   0x08003197   Thumb Code    26  stm32f10x_tim.o(.text)
    TIM_OC4PolarityConfig                    0x080031b1   Thumb Code    26  stm32f10x_tim.o(.text)
    TIM_CCxCmd                               0x080031cb   Thumb Code    30  stm32f10x_tim.o(.text)
    TIM_CCxNCmd                              0x080031e9   Thumb Code    30  stm32f10x_tim.o(.text)
    TIM_SelectOCxM                           0x08003207   Thumb Code    82  stm32f10x_tim.o(.text)
    TIM_UpdateDisableConfig                  0x08003259   Thumb Code    24  stm32f10x_tim.o(.text)
    TIM_UpdateRequestConfig                  0x08003271   Thumb Code    24  stm32f10x_tim.o(.text)
    TIM_SelectHallSensor                     0x08003289   Thumb Code    24  stm32f10x_tim.o(.text)
    TIM_SelectOnePulseMode                   0x080032a1   Thumb Code    18  stm32f10x_tim.o(.text)
    TIM_SelectOutputTrigger                  0x080032b3   Thumb Code    18  stm32f10x_tim.o(.text)
    TIM_SelectSlaveMode                      0x080032c5   Thumb Code    18  stm32f10x_tim.o(.text)
    TIM_SelectMasterSlaveMode                0x080032d7   Thumb Code    18  stm32f10x_tim.o(.text)
    TIM_SetCounter                           0x080032e9   Thumb Code     4  stm32f10x_tim.o(.text)
    TIM_SetAutoreload                        0x080032ed   Thumb Code     4  stm32f10x_tim.o(.text)
    TIM_SetCompare1                          0x080032f1   Thumb Code     4  stm32f10x_tim.o(.text)
    TIM_SetCompare2                          0x080032f5   Thumb Code     4  stm32f10x_tim.o(.text)
    TIM_SetCompare3                          0x080032f9   Thumb Code     4  stm32f10x_tim.o(.text)
    TIM_SetCompare4                          0x080032fd   Thumb Code     6  stm32f10x_tim.o(.text)
    TIM_SetClockDivision                     0x08003303   Thumb Code    18  stm32f10x_tim.o(.text)
    TIM_GetCapture1                          0x08003315   Thumb Code     6  stm32f10x_tim.o(.text)
    TIM_GetCapture2                          0x0800331b   Thumb Code     6  stm32f10x_tim.o(.text)
    TIM_GetCapture3                          0x08003321   Thumb Code     6  stm32f10x_tim.o(.text)
    TIM_GetCapture4                          0x08003327   Thumb Code     8  stm32f10x_tim.o(.text)
    TIM_GetCounter                           0x0800332f   Thumb Code     6  stm32f10x_tim.o(.text)
    TIM_GetPrescaler                         0x08003335   Thumb Code     6  stm32f10x_tim.o(.text)
    TIM_GetFlagStatus                        0x0800333b   Thumb Code    18  stm32f10x_tim.o(.text)
    TIM_ClearFlag                            0x0800334d   Thumb Code     6  stm32f10x_tim.o(.text)
    TIM_GetITStatus                          0x08003353   Thumb Code    34  stm32f10x_tim.o(.text)
    TIM_ClearITPendingBit                    0x08003375   Thumb Code     6  stm32f10x_tim.o(.text)
    USART_DeInit                             0x0800337d   Thumb Code   134  stm32f10x_usart.o(.text)
    USART_Init                               0x08003403   Thumb Code   210  stm32f10x_usart.o(.text)
    USART_StructInit                         0x080034d5   Thumb Code    24  stm32f10x_usart.o(.text)
    USART_ClockInit                          0x080034ed   Thumb Code    34  stm32f10x_usart.o(.text)
    USART_ClockStructInit                    0x0800350f   Thumb Code    12  stm32f10x_usart.o(.text)
    USART_Cmd                                0x0800351b   Thumb Code    24  stm32f10x_usart.o(.text)
    USART_ITConfig                           0x08003533   Thumb Code    74  stm32f10x_usart.o(.text)
    USART_DMACmd                             0x0800357d   Thumb Code    18  stm32f10x_usart.o(.text)
    USART_SetAddress                         0x0800358f   Thumb Code    18  stm32f10x_usart.o(.text)
    USART_WakeUpConfig                       0x080035a1   Thumb Code    18  stm32f10x_usart.o(.text)
    USART_ReceiverWakeUpCmd                  0x080035b3   Thumb Code    24  stm32f10x_usart.o(.text)
    USART_LINBreakDetectLengthConfig         0x080035cb   Thumb Code    18  stm32f10x_usart.o(.text)
    USART_LINCmd                             0x080035dd   Thumb Code    24  stm32f10x_usart.o(.text)
    USART_SendData                           0x080035f5   Thumb Code     8  stm32f10x_usart.o(.text)
    USART_ReceiveData                        0x080035fd   Thumb Code    10  stm32f10x_usart.o(.text)
    USART_SendBreak                          0x08003607   Thumb Code    10  stm32f10x_usart.o(.text)
    USART_SetGuardTime                       0x08003611   Thumb Code    16  stm32f10x_usart.o(.text)
    USART_SetPrescaler                       0x08003621   Thumb Code    16  stm32f10x_usart.o(.text)
    USART_SmartCardCmd                       0x08003631   Thumb Code    24  stm32f10x_usart.o(.text)
    USART_SmartCardNACKCmd                   0x08003649   Thumb Code    24  stm32f10x_usart.o(.text)
    USART_HalfDuplexCmd                      0x08003661   Thumb Code    24  stm32f10x_usart.o(.text)
    USART_OverSampling8Cmd                   0x08003679   Thumb Code    22  stm32f10x_usart.o(.text)
    USART_OneBitMethodCmd                    0x0800368f   Thumb Code    24  stm32f10x_usart.o(.text)
    USART_IrDAConfig                         0x080036a7   Thumb Code    18  stm32f10x_usart.o(.text)
    USART_IrDACmd                            0x080036b9   Thumb Code    24  stm32f10x_usart.o(.text)
    USART_GetFlagStatus                      0x080036d1   Thumb Code    26  stm32f10x_usart.o(.text)
    USART_ClearFlag                          0x080036eb   Thumb Code    18  stm32f10x_usart.o(.text)
    USART_GetITStatus                        0x080036fd   Thumb Code    84  stm32f10x_usart.o(.text)
    USART_ClearITPendingBit                  0x08003751   Thumb Code    52  stm32f10x_usart.o(.text)
    ADC_DeInit                               0x08003785   Thumb Code    78  stm32f10x_adc.o(.text)
    ADC_Init                                 0x080037d3   Thumb Code    70  stm32f10x_adc.o(.text)
    ADC_StructInit                           0x08003819   Thumb Code    18  stm32f10x_adc.o(.text)
    ADC_Cmd                                  0x0800382b   Thumb Code    22  stm32f10x_adc.o(.text)
    ADC_DMACmd                               0x08003841   Thumb Code    22  stm32f10x_adc.o(.text)
    ADC_ITConfig                             0x08003857   Thumb Code    24  stm32f10x_adc.o(.text)
    ADC_ResetCalibration                     0x0800386f   Thumb Code    10  stm32f10x_adc.o(.text)
    ADC_GetResetCalibrationStatus            0x08003879   Thumb Code    20  stm32f10x_adc.o(.text)
    ADC_StartCalibration                     0x0800388d   Thumb Code    10  stm32f10x_adc.o(.text)
    ADC_GetCalibrationStatus                 0x08003897   Thumb Code    20  stm32f10x_adc.o(.text)
    ADC_SoftwareStartConvCmd                 0x080038ab   Thumb Code    22  stm32f10x_adc.o(.text)
    ADC_GetSoftwareStartConvStatus           0x080038c1   Thumb Code    20  stm32f10x_adc.o(.text)
    ADC_DiscModeChannelCountConfig           0x080038d5   Thumb Code    24  stm32f10x_adc.o(.text)
    ADC_DiscModeCmd                          0x080038ed   Thumb Code    22  stm32f10x_adc.o(.text)
    ADC_RegularChannelConfig                 0x08003903   Thumb Code   184  stm32f10x_adc.o(.text)
    ADC_ExternalTrigConvCmd                  0x080039bb   Thumb Code    22  stm32f10x_adc.o(.text)
    ADC_GetConversionValue                   0x080039d1   Thumb Code     8  stm32f10x_adc.o(.text)
    ADC_GetDualModeConversionValue           0x080039d9   Thumb Code     8  stm32f10x_adc.o(.text)
    ADC_AutoInjectedConvCmd                  0x080039e1   Thumb Code    22  stm32f10x_adc.o(.text)
    ADC_InjectedDiscModeCmd                  0x080039f7   Thumb Code    22  stm32f10x_adc.o(.text)
    ADC_ExternalTrigInjectedConvConfig       0x08003a0d   Thumb Code    16  stm32f10x_adc.o(.text)
    ADC_ExternalTrigInjectedConvCmd          0x08003a1d   Thumb Code    22  stm32f10x_adc.o(.text)
    ADC_SoftwareStartInjectedConvCmd         0x08003a33   Thumb Code    22  stm32f10x_adc.o(.text)
    ADC_GetSoftwareStartInjectedConvCmdStatus 0x08003a49   Thumb Code    20  stm32f10x_adc.o(.text)
    ADC_InjectedChannelConfig                0x08003a5d   Thumb Code   130  stm32f10x_adc.o(.text)
    ADC_InjectedSequencerLengthConfig        0x08003adf   Thumb Code    24  stm32f10x_adc.o(.text)
    ADC_SetInjectedOffset                    0x08003af7   Thumb Code    20  stm32f10x_adc.o(.text)
    ADC_GetInjectedConversionValue           0x08003b0b   Thumb Code    28  stm32f10x_adc.o(.text)
    ADC_AnalogWatchdogCmd                    0x08003b27   Thumb Code    16  stm32f10x_adc.o(.text)
    ADC_AnalogWatchdogThresholdsConfig       0x08003b37   Thumb Code     6  stm32f10x_adc.o(.text)
    ADC_AnalogWatchdogSingleChannelConfig    0x08003b3d   Thumb Code    16  stm32f10x_adc.o(.text)
    ADC_TempSensorVrefintCmd                 0x08003b4d   Thumb Code    64  stm32f10x_adc.o(.text)
    ADC_GetFlagStatus                        0x08003b8d   Thumb Code    18  stm32f10x_adc.o(.text)
    ADC_ClearFlag                            0x08003b9f   Thumb Code     6  stm32f10x_adc.o(.text)
    ADC_GetITStatus                          0x08003ba5   Thumb Code    36  stm32f10x_adc.o(.text)
    ADC_ClearITPendingBit                    0x08003bc9   Thumb Code    10  stm32f10x_adc.o(.text)
    EXTI_DeInit                              0x08003bd5   Thumb Code    28  stm32f10x_exti.o(.text)
    EXTI_Init                                0x08003bf1   Thumb Code   142  stm32f10x_exti.o(.text)
    EXTI_StructInit                          0x08003c7f   Thumb Code    16  stm32f10x_exti.o(.text)
    EXTI_GenerateSWInterrupt                 0x08003c8f   Thumb Code    16  stm32f10x_exti.o(.text)
    EXTI_GetFlagStatus                       0x08003c9f   Thumb Code    22  stm32f10x_exti.o(.text)
    EXTI_ClearFlag                           0x08003cb5   Thumb Code     8  stm32f10x_exti.o(.text)
    EXTI_GetITStatus                         0x08003cbd   Thumb Code    34  stm32f10x_exti.o(.text)
    EXTI_ClearITPendingBit                   0x08003cdf   Thumb Code     8  stm32f10x_exti.o(.text)
    __use_no_semihosting                     0x08003cf1   Thumb Code     2  use_no_semi_2.o(.text)
    __aeabi_memclr4                          0x08003cf3   Thumb Code     0  rt_memclr_w.o(.text)
    __aeabi_memclr8                          0x08003cf3   Thumb Code     0  rt_memclr_w.o(.text)
    __rt_memclr_w                            0x08003cf3   Thumb Code    78  rt_memclr_w.o(.text)
    _memset_w                                0x08003cf7   Thumb Code     0  rt_memclr_w.o(.text)
    __use_two_region_memory                  0x08003d41   Thumb Code     2  heapauxi.o(.text)
    __rt_heap_escrow$2region                 0x08003d43   Thumb Code     2  heapauxi.o(.text)
    __rt_heap_expand$2region                 0x08003d45   Thumb Code     2  heapauxi.o(.text)
    __I$use$semihosting                      0x08003d47   Thumb Code     0  use_no_semi.o(.text)
    __use_no_semihosting_swi                 0x08003d47   Thumb Code     2  use_no_semi.o(.text)
    __user_setup_stackheap                   0x08003d49   Thumb Code    74  sys_stackheap_outer.o(.text)
    exit                                     0x08003d93   Thumb Code    12  exit.o(.text)
    __user_libspace                          0x08003da1   Thumb Code     8  libspace.o(.text)
    __user_perproc_libspace                  0x08003da1   Thumb Code     0  libspace.o(.text)
    __user_perthread_libspace                0x08003da1   Thumb Code     0  libspace.o(.text)
    __fpl_dcmp_Inf                           0x08003da9   Thumb Code    24  dcmpi.o(x$fpl$dcmpinf)
    __aeabi_d2uiz                            0x08003dc1   Thumb Code     0  dfixu.o(x$fpl$dfixu)
    _dfixu                                   0x08003dc1   Thumb Code    90  dfixu.o(x$fpl$dfixu)
    __aeabi_i2d                              0x08003e1b   Thumb Code     0  dflt_clz.o(x$fpl$dflt)
    _dflt                                    0x08003e1b   Thumb Code    46  dflt_clz.o(x$fpl$dflt)
    __aeabi_cdcmple                          0x08003e49   Thumb Code     0  dleqf.o(x$fpl$dleqf)
    _dcmple                                  0x08003e49   Thumb Code   120  dleqf.o(x$fpl$dleqf)
    __fpl_dcmple_InfNaN                      0x08003eab   Thumb Code     0  dleqf.o(x$fpl$dleqf)
    __fpl_dnaninf                            0x08003ec1   Thumb Code   156  dnaninf.o(x$fpl$dnaninf)
    __aeabi_cdrcmple                         0x08003f5d   Thumb Code     0  drleqf.o(x$fpl$drleqf)
    _drcmple                                 0x08003f5d   Thumb Code   108  drleqf.o(x$fpl$drleqf)
    __aeabi_fadd                             0x08003fc9   Thumb Code     0  faddsub_clz.o(x$fpl$fadd)
    _fadd                                    0x08003fc9   Thumb Code   196  faddsub_clz.o(x$fpl$fadd)
    __aeabi_f2iz                             0x0800408d   Thumb Code     0  ffix.o(x$fpl$ffix)
    _ffix                                    0x0800408d   Thumb Code    54  ffix.o(x$fpl$ffix)
    __aeabi_i2f                              0x080040c5   Thumb Code     0  fflt_clz.o(x$fpl$fflt)
    _fflt                                    0x080040c5   Thumb Code    48  fflt_clz.o(x$fpl$fflt)
    __aeabi_fmul                             0x080040f5   Thumb Code     0  fmul.o(x$fpl$fmul)
    _fmul                                    0x080040f5   Thumb Code   258  fmul.o(x$fpl$fmul)
    __fpl_fnaninf                            0x080041f7   Thumb Code   140  fnaninf.o(x$fpl$fnaninf)
    __fpl_fretinf                            0x08004283   Thumb Code    10  fretinf.o(x$fpl$fretinf)
    __aeabi_fsub                             0x0800428d   Thumb Code     0  faddsub_clz.o(x$fpl$fsub)
    _fsub                                    0x0800428d   Thumb Code   234  faddsub_clz.o(x$fpl$fsub)
    __I$use$fp                               0x08004376   Number         0  usenofp.o(x$fpl$usenofp)
    Region$$Table$$Base                      0x0800437c   Number         0  anon$$obj.o(Region$$Table)
    Region$$Table$$Limit                     0x0800439c   Number         0  anon$$obj.o(Region$$Table)
    pwm                                      0x20000000   Data           4  main.o(.data)
    pwmup                                    0x20000004   Data           4  main.o(.data)
    time                                     0x20000008   Data           4  main.o(.data)
    yanse                                    0x2000000c   Data           4  main.o(.data)
    yansexuan                                0x20000010   Data           4  main.o(.data)
    key                                      0x20000014   Data           1  main.o(.data)
    adcx                                     0x20000016   Data           2  main.o(.data)
    duan                                     0x20000018   Data           4  main.o(.data)
    distance                                 0x2000001c   Data           1  main.o(.data)
    cc                                       0x20000020   Data           4  main.o(.data)
    SystemCoreClock                          0x20000024   Data           4  system_stm32f10x.o(.data)
    AHBPrescTable                            0x20000028   Data          16  system_stm32f10x.o(.data)
    RmtSta                                   0x20000038   Data           1  remote.o(.data)
    Dval                                     0x2000003a   Data           2  remote.o(.data)
    RmtRec                                   0x2000003c   Data           4  remote.o(.data)
    RmtCnt                                   0x20000040   Data           1  remote.o(.data)
    d                                        0x20000044   Data           4  xunji.o(.data)
    adcx1                                    0x20000048   Data           4  xunji.o(.data)
    zuo                                      0x2000004c   Data           4  xunji.o(.data)
    you                                      0x20000050   Data           4  xunji.o(.data)
    kp                                       0x20000054   Data           4  xunji.o(.data)
    kd                                       0x20000058   Data           4  xunji.o(.data)
    duo1                                     0x2000005c   Data           2  duoj.o(.data)
    duo2                                     0x2000005e   Data           2  duoj.o(.data)
    duo3                                     0x20000060   Data           2  duoj.o(.data)
    duo4                                     0x20000062   Data           2  duoj.o(.data)
    amount                                   0x20000068   Data           1  rgb3.o(.data)
    Rgena                                    0x20000069   Data           1  rgb3.o(.data)
    Ggena                                    0x2000006a   Data           1  rgb3.o(.data)
    Bgena                                    0x2000006b   Data           1  rgb3.o(.data)
    Ramount                                  0x20000070   Data           8  rgb3.o(.data)
    Gamount                                  0x20000078   Data           8  rgb3.o(.data)
    Bamount                                  0x20000080   Data           8  rgb3.o(.data)
    Rj                                       0x20000088   Data           1  rgb3.o(.data)
    Gj                                       0x20000089   Data           1  rgb3.o(.data)
    Bj                                       0x2000008a   Data           1  rgb3.o(.data)
    Rj2                                      0x2000008b   Data           1  rgb3.o(.data)
    Gj2                                      0x2000008c   Data           1  rgb3.o(.data)
    Bj2                                      0x2000008d   Data           1  rgb3.o(.data)
    __libspace_start                         0x200000a8   Data          96  libspace.o(.bss)
    __temporary_stack_top$libspace           0x20000108   Data           0  libspace.o(.bss)



==============================================================================

Memory Map of the image

  Image Entry point : 0x08000131

  Load Region LR_IROM1 (Base: 0x08000000, Size: 0x00004444, Max: 0x00040000, ABSOLUTE)

    Execution Region ER_IROM1 (Base: 0x08000000, Size: 0x0000439c, Max: 0x00040000, ABSOLUTE)

    Base Addr    Size         Type   Attr      Idx    E Section Name        Object

    0x08000000   0x00000130   Data   RO          472    RESET               startup_stm32f10x_hd.o
    0x08000130   0x00000008   Code   RO          571  * !!!main             c_w.l(__main.o)
    0x08000138   0x00000034   Code   RO          766    !!!scatter          c_w.l(__scatter.o)
    0x0800016c   0x0000001a   Code   RO          768    !!handler_copy      c_w.l(__scatter_copy.o)
    0x08000186   0x00000002   PAD
    0x08000188   0x0000001c   Code   RO          770    !!handler_zi        c_w.l(__scatter_zi.o)
    0x080001a4   0x00000002   Code   RO          641    .ARM.Collect$$libinit$$00000000  c_w.l(libinit.o)
    0x080001a6   0x00000000   Code   RO          648    .ARM.Collect$$libinit$$00000002  c_w.l(libinit2.o)
    0x080001a6   0x00000000   Code   RO          650    .ARM.Collect$$libinit$$00000004  c_w.l(libinit2.o)
    0x080001a6   0x00000000   Code   RO          653    .ARM.Collect$$libinit$$0000000A  c_w.l(libinit2.o)
    0x080001a6   0x00000000   Code   RO          655    .ARM.Collect$$libinit$$0000000C  c_w.l(libinit2.o)
    0x080001a6   0x00000000   Code   RO          657    .ARM.Collect$$libinit$$0000000E  c_w.l(libinit2.o)
    0x080001a6   0x00000000   Code   RO          660    .ARM.Collect$$libinit$$00000011  c_w.l(libinit2.o)
    0x080001a6   0x00000000   Code   RO          662    .ARM.Collect$$libinit$$00000013  c_w.l(libinit2.o)
    0x080001a6   0x00000000   Code   RO          664    .ARM.Collect$$libinit$$00000015  c_w.l(libinit2.o)
    0x080001a6   0x00000000   Code   RO          666    .ARM.Collect$$libinit$$00000017  c_w.l(libinit2.o)
    0x080001a6   0x00000000   Code   RO          668    .ARM.Collect$$libinit$$00000019  c_w.l(libinit2.o)
    0x080001a6   0x00000000   Code   RO          670    .ARM.Collect$$libinit$$0000001B  c_w.l(libinit2.o)
    0x080001a6   0x00000000   Code   RO          672    .ARM.Collect$$libinit$$0000001D  c_w.l(libinit2.o)
    0x080001a6   0x00000000   Code   RO          674    .ARM.Collect$$libinit$$0000001F  c_w.l(libinit2.o)
    0x080001a6   0x00000000   Code   RO          676    .ARM.Collect$$libinit$$00000021  c_w.l(libinit2.o)
    0x080001a6   0x00000000   Code   RO          678    .ARM.Collect$$libinit$$00000023  c_w.l(libinit2.o)
    0x080001a6   0x00000000   Code   RO          680    .ARM.Collect$$libinit$$00000025  c_w.l(libinit2.o)
    0x080001a6   0x00000000   Code   RO          684    .ARM.Collect$$libinit$$0000002C  c_w.l(libinit2.o)
    0x080001a6   0x00000000   Code   RO          686    .ARM.Collect$$libinit$$0000002E  c_w.l(libinit2.o)
    0x080001a6   0x00000000   Code   RO          688    .ARM.Collect$$libinit$$00000030  c_w.l(libinit2.o)
    0x080001a6   0x00000000   Code   RO          690    .ARM.Collect$$libinit$$00000032  c_w.l(libinit2.o)
    0x080001a6   0x00000002   Code   RO          691    .ARM.Collect$$libinit$$00000033  c_w.l(libinit2.o)
    0x080001a8   0x00000002   Code   RO          709    .ARM.Collect$$libshutdown$$00000000  c_w.l(libshutdown.o)
    0x080001aa   0x00000000   Code   RO          720    .ARM.Collect$$libshutdown$$00000003  c_w.l(libshutdown2.o)
    0x080001aa   0x00000000   Code   RO          723    .ARM.Collect$$libshutdown$$00000006  c_w.l(libshutdown2.o)
    0x080001aa   0x00000000   Code   RO          726    .ARM.Collect$$libshutdown$$00000009  c_w.l(libshutdown2.o)
    0x080001aa   0x00000000   Code   RO          728    .ARM.Collect$$libshutdown$$0000000B  c_w.l(libshutdown2.o)
    0x080001aa   0x00000000   Code   RO          731    .ARM.Collect$$libshutdown$$0000000E  c_w.l(libshutdown2.o)
    0x080001aa   0x00000002   Code   RO          732    .ARM.Collect$$libshutdown$$0000000F  c_w.l(libshutdown2.o)
    0x080001ac   0x00000000   Code   RO          607    .ARM.Collect$$rtentry$$00000000  c_w.l(__rtentry.o)
    0x080001ac   0x00000000   Code   RO          618    .ARM.Collect$$rtentry$$00000002  c_w.l(__rtentry2.o)
    0x080001ac   0x00000006   Code   RO          630    .ARM.Collect$$rtentry$$00000004  c_w.l(__rtentry4.o)
    0x080001b2   0x00000000   Code   RO          620    .ARM.Collect$$rtentry$$00000009  c_w.l(__rtentry2.o)
    0x080001b2   0x00000004   Code   RO          621    .ARM.Collect$$rtentry$$0000000A  c_w.l(__rtentry2.o)
    0x080001b6   0x00000000   Code   RO          623    .ARM.Collect$$rtentry$$0000000C  c_w.l(__rtentry2.o)
    0x080001b6   0x00000008   Code   RO          624    .ARM.Collect$$rtentry$$0000000D  c_w.l(__rtentry2.o)
    0x080001be   0x00000002   Code   RO          645    .ARM.Collect$$rtexit$$00000000  c_w.l(rtexit.o)
    0x080001c0   0x00000000   Code   RO          693    .ARM.Collect$$rtexit$$00000002  c_w.l(rtexit2.o)
    0x080001c0   0x00000004   Code   RO          694    .ARM.Collect$$rtexit$$00000003  c_w.l(rtexit2.o)
    0x080001c4   0x00000006   Code   RO          695    .ARM.Collect$$rtexit$$00000004  c_w.l(rtexit2.o)
    0x080001ca   0x00000014   Code   RO            1    .text               main.o
    0x080001de   0x0000001a   Code   RO          161    .text               stm32f10x_it.o
    0x080001f8   0x000001e0   Code   RO          202    .text               system_stm32f10x.o
    0x080003d8   0x00000108   Code   RO          220    .text               led.o
    0x080004e0   0x00000254   Code   RO          232    .text               timer.o
    0x08000734   0x0000026c   Code   RO          244    .text               adc.o
    0x080009a0   0x000002ac   Code   RO          264    .text               remote.o
    0x08000c4c   0x000002b4   Code   RO          282    .text               xunji.o
    0x08000f00   0x0000004a   Code   RO          298    .text               init.o
    0x08000f4a   0x00000002   PAD
    0x08000f4c   0x000008d4   Code   RO          310    .text               duoj.o
    0x08001820   0x000002d4   Code   RO          328    .text               rgb3.o
    0x08001af4   0x000000d4   Code   RO          406    .text               delay.o
    0x08001bc8   0x0000017c   Code   RO          437    .text               usart.o
    0x08001d44   0x00000040   Code   RO          473    .text               startup_stm32f10x_hd.o
    0x08001d84   0x000000dc   Code   RO          477    .text               misc.o
    0x08001e60   0x0000035c   Code   RO          489    .text               stm32f10x_gpio.o
    0x080021bc   0x000003a4   Code   RO          501    .text               stm32f10x_rcc.o
    0x08002560   0x00000e1a   Code   RO          515    .text               stm32f10x_tim.o
    0x0800337a   0x00000002   PAD
    0x0800337c   0x00000408   Code   RO          527    .text               stm32f10x_usart.o
    0x08003784   0x0000044e   Code   RO          539    .text               stm32f10x_adc.o
    0x08003bd2   0x00000002   PAD
    0x08003bd4   0x0000011c   Code   RO          551    .text               stm32f10x_exti.o
    0x08003cf0   0x00000002   Code   RO          565    .text               c_w.l(use_no_semi_2.o)
    0x08003cf2   0x0000004e   Code   RO          567    .text               c_w.l(rt_memclr_w.o)
    0x08003d40   0x00000006   Code   RO          569    .text               c_w.l(heapauxi.o)
    0x08003d46   0x00000002   Code   RO          605    .text               c_w.l(use_no_semi.o)
    0x08003d48   0x0000004a   Code   RO          632    .text               c_w.l(sys_stackheap_outer.o)
    0x08003d92   0x0000000c   Code   RO          634    .text               c_w.l(exit.o)
    0x08003d9e   0x00000002   PAD
    0x08003da0   0x00000008   Code   RO          642    .text               c_w.l(libspace.o)
    0x08003da8   0x00000018   Code   RO          608    x$fpl$dcmpinf       fz_ws.l(dcmpi.o)
    0x08003dc0   0x0000005a   Code   RO          573    x$fpl$dfixu         fz_ws.l(dfixu.o)
    0x08003e1a   0x0000002e   Code   RO          578    x$fpl$dflt          fz_ws.l(dflt_clz.o)
    0x08003e48   0x00000078   Code   RO          583    x$fpl$dleqf         fz_ws.l(dleqf.o)
    0x08003ec0   0x0000009c   Code   RO          610    x$fpl$dnaninf       fz_ws.l(dnaninf.o)
    0x08003f5c   0x0000006c   Code   RO          585    x$fpl$drleqf        fz_ws.l(drleqf.o)
    0x08003fc8   0x000000c4   Code   RO          587    x$fpl$fadd          fz_ws.l(faddsub_clz.o)
    0x0800408c   0x00000036   Code   RO          593    x$fpl$ffix          fz_ws.l(ffix.o)
    0x080040c2   0x00000002   PAD
    0x080040c4   0x00000030   Code   RO          598    x$fpl$fflt          fz_ws.l(fflt_clz.o)
    0x080040f4   0x00000102   Code   RO          603    x$fpl$fmul          fz_ws.l(fmul.o)
    0x080041f6   0x0000008c   Code   RO          612    x$fpl$fnaninf       fz_ws.l(fnaninf.o)
    0x08004282   0x0000000a   Code   RO          614    x$fpl$fretinf       fz_ws.l(fretinf.o)
    0x0800428c   0x000000ea   Code   RO          589    x$fpl$fsub          fz_ws.l(faddsub_clz.o)
    0x08004376   0x00000000   Code   RO          616    x$fpl$usenofp       fz_ws.l(usenofp.o)
    0x08004376   0x00000002   PAD
    0x08004378   0x00000004   Data   RO          246    .constdata          adc.o
    0x0800437c   0x00000020   Data   RO          764    Region$$Table       anon$$obj.o


    Execution Region RW_IRAM1 (Base: 0x20000000, Size: 0x00000708, Max: 0x0000c000, ABSOLUTE)

    Base Addr    Size         Type   Attr      Idx    E Section Name        Object

    0x20000000   0x00000024   Data   RW            2    .data               main.o
    0x20000024   0x00000014   Data   RW          203    .data               system_stm32f10x.o
    0x20000038   0x00000009   Data   RW          265    .data               remote.o
    0x20000041   0x00000003   PAD
    0x20000044   0x00000018   Data   RW          283    .data               xunji.o
    0x2000005c   0x00000008   Data   RW          311    .data               duoj.o
    0x20000064   0x00000004   PAD
    0x20000068   0x00000026   Data   RW          329    .data               rgb3.o
    0x2000008e   0x00000004   Data   RW          407    .data               delay.o
    0x20000092   0x00000014   Data   RW          502    .data               stm32f10x_rcc.o
    0x200000a6   0x00000002   PAD
    0x200000a8   0x00000060   Zero   RW          643    .bss                c_w.l(libspace.o)
    0x20000108   0x00000200   Zero   RW          471    HEAP                startup_stm32f10x_hd.o
    0x20000308   0x00000400   Zero   RW          470    STACK               startup_stm32f10x_hd.o


==============================================================================

Image component sizes


      Code (inc. data)   RO Data    RW Data    ZI Data      Debug   Object Name

       620         14          4          0          0       2067   adc.o
       212         18          0          4          0       1063   delay.o
      2260         56          0          8          0       6324   duoj.o
        74          0          0          0          0        503   init.o
       264         16          0          0          0        619   led.o
        20          0          0         36          0     265192   main.o
       220         22          0          0          0       1841   misc.o
       684         30          0          9          0       1618   remote.o
       724         66          0         38          0       1947   rgb3.o
        64         26        304          0       1536        812   startup_stm32f10x_hd.o
      1102         26          0          0          0      10873   stm32f10x_adc.o
       284         10          0          0          0       2271   stm32f10x_exti.o
       860         38          0          0          0       5685   stm32f10x_gpio.o
        26          0          0          0          0       1202   stm32f10x_it.o
       932         36          0         20          0       8876   stm32f10x_rcc.o
      3610         88          0          0          0      22168   stm32f10x_tim.o
      1032         22          0          0          0       8412   stm32f10x_usart.o
         0          0          0          0          0         32   sys.o
       480         38          0         20          0       1803   system_stm32f10x.o
       596          4          0          0          0       2054   timer.o
       380         10          0          0          0       3341   usart.o
       692         40          0         24          0       1131   xunji.o

    ----------------------------------------------------------------------
     15142        560        340        168       1536     349834   Object Totals
         0          0         32          0          0          0   (incl. Generated)
         6          0          0          9          0          0   (incl. Padding)

    ----------------------------------------------------------------------

      Code (inc. data)   RO Data    RW Data    ZI Data      Debug   Library Member Name

         8          0          0          0          0         68   __main.o
         0          0          0          0          0          0   __rtentry.o
        12          0          0          0          0          0   __rtentry2.o
         6          0          0          0          0          0   __rtentry4.o
        52          8          0          0          0          0   __scatter.o
        26          0          0          0          0          0   __scatter_copy.o
        28          0          0          0          0          0   __scatter_zi.o
        12          0          0          0          0         72   exit.o
         6          0          0          0          0        152   heapauxi.o
         2          0          0          0          0          0   libinit.o
         2          0          0          0          0          0   libinit2.o
         2          0          0          0          0          0   libshutdown.o
         2          0          0          0          0          0   libshutdown2.o
         8          4          0          0         96         68   libspace.o
        78          0          0          0          0         80   rt_memclr_w.o
         2          0          0          0          0          0   rtexit.o
        10          0          0          0          0          0   rtexit2.o
        74          0          0          0          0         80   sys_stackheap_outer.o
         2          0          0          0          0         68   use_no_semi.o
         2          0          0          0          0         68   use_no_semi_2.o
        24          0          0          0          0         68   dcmpi.o
        90          4          0          0          0         92   dfixu.o
        46          0          0          0          0         68   dflt_clz.o
       120          4          0          0          0         92   dleqf.o
       156          4          0          0          0         92   dnaninf.o
       108          0          0          0          0         80   drleqf.o
       430          8          0          0          0        168   faddsub_clz.o
        54          4          0          0          0         84   ffix.o
        48          0          0          0          0         68   fflt_clz.o
       258          4          0          0          0         84   fmul.o
       140          4          0          0          0         84   fnaninf.o
        10          0          0          0          0         68   fretinf.o
         0          0          0          0          0          0   usenofp.o

    ----------------------------------------------------------------------
      1826         44          0          0         96       1704   Library Totals
         8          0          0          0          0          0   (incl. Padding)

    ----------------------------------------------------------------------

      Code (inc. data)   RO Data    RW Data    ZI Data      Debug   Library Name

       334         12          0          0         96        656   c_w.l
      1484         32          0          0          0       1048   fz_ws.l

    ----------------------------------------------------------------------
      1826         44          0          0         96       1704   Library Totals

    ----------------------------------------------------------------------

==============================================================================


      Code (inc. data)   RO Data    RW Data    ZI Data      Debug   

     16968        604        340        168       1632     349038   Grand Totals
     16968        604        340        168       1632     349038   ELF Image Totals
     16968        604        340        168          0          0   ROM Totals

==============================================================================

    Total RO  Size (Code + RO Data)                17308 (  16.90kB)
    Total RW  Size (RW Data + ZI Data)              1800 (   1.76kB)
    Total ROM Size (Code + RO Data + RW Data)      17476 (  17.07kB)

==============================================================================

